[2026-02-24T03:28:04.435Z] {"timestamp":1771903682877,"kind":"click","url":"http://localhost:3000/","viewport":{"width":1528,"height":836},"payload":{"target":{"tag":"nav","id":null,"name":null,"type":null,"role":null,"ariaLabel":null,"testId":null,"dataLoc":null,"href":null,"text":"Soluciones Cómo Funciona Seguridad Sobre LOCKALL Recursos Contacto Solicitar Dem…","selectorHint":"nav"},"x":527,"y":21}}
[2026-02-24T03:28:04.435Z] {"timestamp":1771903683194,"kind":"focusin","url":"http://localhost:3000/","viewport":{"width":1528,"height":836},"payload":{"target":{"tag":"a","id":null,"name":null,"type":null,"role":null,"ariaLabel":null,"testId":null,"dataLoc":null,"href":"/como-funciona","text":"Cómo Funciona","selectorHint":"a"}}}
[2026-02-24T03:28:04.435Z] {"timestamp":1771903683257,"kind":"click","url":"http://localhost:3000/","viewport":{"width":1528,"height":836},"payload":{"target":{"tag":"a","id":null,"name":null,"type":null,"role":null,"ariaLabel":null,"testId":null,"dataLoc":null,"href":"/como-funciona","text":"Cómo Funciona","selectorHint":"a"},"x":549,"y":32}}
[2026-02-24T03:28:04.435Z] {"timestamp":1771903683257,"kind":"navigate","url":"http://localhost:3000/como-funciona","viewport":{"width":1528,"height":836},"payload":{"reason":"pushState"}}
[2026-02-24T03:28:04.435Z] {"timestamp":1771903683267,"kind":"focusout","url":"http://localhost:3000/como-funciona","viewport":{"width":1528,"height":836},"payload":{"target":{"tag":"a","id":null,"name":null,"type":null,"role":null,"ariaLabel":null,"testId":null,"dataLoc":null,"href":"/como-funciona","text":"Cómo Funciona","selectorHint":"a"},"value":null}}
[2026-02-24T03:28:04.435Z] {"timestamp":1771903684336,"kind":"focusin","url":"http://localhost:3000/como-funciona","viewport":{"width":1528,"height":836},"payload":{"target":{"tag":"a","id":null,"name":null,"type":null,"role":null,"ariaLabel":null,"testId":null,"dataLoc":null,"href":"/seguridad","text":"Seguridad","selectorHint":"a"}}}
[2026-02-24T03:28:04.435Z] {"timestamp":1771903684414,"kind":"click","url":"http://localhost:3000/como-funciona","viewport":{"width":1528,"height":836},"payload":{"target":{"tag":"a","id":null,"name":null,"type":null,"role":null,"ariaLabel":null,"testId":null,"dataLoc":null,"href":"/seguridad","text":"Seguridad","selectorHint":"a"},"x":627,"y":39}}
[2026-02-24T03:28:04.435Z] {"timestamp":1771903684415,"kind":"navigate","url":"http://localhost:3000/seguridad","viewport":{"width":1528,"height":836},"payload":{"reason":"pushState"}}
[2026-02-24T03:28:04.435Z] {"timestamp":1771903684422,"kind":"focusout","url":"http://localhost:3000/seguridad","viewport":{"width":1528,"height":836},"payload":{"target":{"tag":"a","id":null,"name":null,"type":null,"role":null,"ariaLabel":null,"testId":null,"dataLoc":null,"href":"/seguridad","text":"Seguridad","selectorHint":"a"},"value":null}}
[2026-02-24T03:28:06.439Z] {"timestamp":1771903684849,"kind":"focusin","url":"http://localhost:3000/seguridad","viewport":{"width":1528,"height":836},"payload":{"target":{"tag":"a","id":null,"name":null,"type":null,"role":null,"ariaLabel":null,"testId":null,"dataLoc":null,"href":"/sobre-lockall","text":"Sobre LOCKALL","selectorHint":"a"}}}
[2026-02-24T03:28:06.439Z] {"timestamp":1771903684912,"kind":"click","url":"http://localhost:3000/seguridad","viewport":{"width":1528,"height":836},"payload":{"target":{"tag":"a","id":null,"name":null,"type":null,"role":null,"ariaLabel":null,"testId":null,"dataLoc":null,"href":"/sobre-lockall","text":"Sobre LOCKALL","selectorHint":"a"},"x":768,"y":36}}
[2026-02-24T03:28:06.439Z] {"timestamp":1771903684913,"kind":"navigate","url":"http://localhost:3000/sobre-lockall","viewport":{"width":1528,"height":836},"payload":{"reason":"pushState"}}
[2026-02-24T03:28:06.439Z] {"timestamp":1771903684918,"kind":"focusout","url":"http://localhost:3000/sobre-lockall","viewport":{"width":1528,"height":836},"payload":{"target":{"tag":"a","id":null,"name":null,"type":null,"role":null,"ariaLabel":null,"testId":null,"dataLoc":null,"href":"/sobre-lockall","text":"Sobre LOCKALL","selectorHint":"a"},"value":null}}
[2026-02-24T03:28:06.439Z] {"timestamp":1771903685345,"kind":"focusin","url":"http://localhost:3000/sobre-lockall","viewport":{"width":1528,"height":836},"payload":{"target":{"tag":"a","id":null,"name":null,"type":null,"role":null,"ariaLabel":null,"testId":null,"dataLoc":null,"href":"/recursos","text":"Recursos","selectorHint":"a"}}}
[2026-02-24T03:28:06.439Z] {"timestamp":1771903685433,"kind":"click","url":"http://localhost:3000/sobre-lockall","viewport":{"width":1528,"height":836},"payload":{"target":{"tag":"a","id":null,"name":null,"type":null,"role":null,"ariaLabel":null,"testId":null,"dataLoc":null,"href":"/recursos","text":"Recursos","selectorHint":"a"},"x":911,"y":37}}
[2026-02-24T03:28:06.439Z] {"timestamp":1771903685433,"kind":"navigate","url":"http://localhost:3000/recursos","viewport":{"width":1528,"height":836},"payload":{"reason":"pushState"}}
[2026-02-24T03:28:06.439Z] {"timestamp":1771903685438,"kind":"focusout","url":"http://localhost:3000/recursos","viewport":{"width":1528,"height":836},"payload":{"target":{"tag":"a","id":null,"name":null,"type":null,"role":null,"ariaLabel":null,"testId":null,"dataLoc":null,"href":"/recursos","text":"Recursos","selectorHint":"a"},"value":null}}
[2026-02-24T03:28:06.439Z] {"timestamp":1771903685890,"kind":"focusin","url":"http://localhost:3000/recursos","viewport":{"width":1528,"height":836},"payload":{"target":{"tag":"a","id":null,"name":null,"type":null,"role":null,"ariaLabel":null,"testId":null,"dataLoc":null,"href":"/contacto","text":"Contacto","selectorHint":"a"}}}
[2026-02-24T03:28:06.439Z] {"timestamp":1771903685961,"kind":"click","url":"http://localhost:3000/recursos","viewport":{"width":1528,"height":836},"payload":{"target":{"tag":"a","id":null,"name":null,"type":null,"role":null,"ariaLabel":null,"testId":null,"dataLoc":null,"href":"/contacto","text":"Contacto","selectorHint":"a"},"x":974,"y":42}}
[2026-02-24T03:28:06.439Z] {"timestamp":1771903685961,"kind":"navigate","url":"http://localhost:3000/contacto","viewport":{"width":1528,"height":836},"payload":{"reason":"pushState"}}
[2026-02-24T03:28:06.439Z] {"timestamp":1771903685971,"kind":"focusout","url":"http://localhost:3000/contacto","viewport":{"width":1528,"height":836},"payload":{"target":{"tag":"a","id":null,"name":null,"type":null,"role":null,"ariaLabel":null,"testId":null,"dataLoc":null,"href":"/contacto","text":"Contacto","selectorHint":"a"},"value":null}}
[2026-02-24T03:28:08.441Z] {"timestamp":1771903686735,"kind":"focusin","url":"http://localhost:3000/contacto","viewport":{"width":1528,"height":836},"payload":{"target":{"tag":"a","id":null,"name":null,"type":null,"role":null,"ariaLabel":null,"testId":null,"dataLoc":null,"href":"/soluciones","text":"Soluciones","selectorHint":"a"}}}
[2026-02-24T03:28:08.441Z] {"timestamp":1771903686807,"kind":"click","url":"http://localhost:3000/contacto","viewport":{"width":1528,"height":836},"payload":{"target":{"tag":"a","id":null,"name":null,"type":null,"role":null,"ariaLabel":null,"testId":null,"dataLoc":null,"href":"/soluciones","text":"Soluciones","selectorHint":"a"},"x":408,"y":27}}
[2026-02-24T03:28:08.441Z] {"timestamp":1771903686807,"kind":"navigate","url":"http://localhost:3000/soluciones","viewport":{"width":1528,"height":836},"payload":{"reason":"pushState"}}
[2026-02-24T03:28:08.441Z] {"timestamp":1771903686815,"kind":"focusout","url":"http://localhost:3000/soluciones","viewport":{"width":1528,"height":836},"payload":{"target":{"tag":"a","id":null,"name":null,"type":null,"role":null,"ariaLabel":null,"testId":null,"dataLoc":null,"href":"/soluciones","text":"Soluciones","selectorHint":"a"},"value":null}}
[2026-02-26T02:38:51.246Z] {"timestamp":1772073529520,"kind":"scroll","url":"http://localhost:3000/","viewport":{"width":1528,"height":836},"payload":{"scrollX":0,"scrollY":3.200000047683716,"documentHeight":7037,"viewportHeight":836}}
[2026-02-26T02:38:51.246Z] {"timestamp":1772073530020,"kind":"scroll","url":"http://localhost:3000/","viewport":{"width":1528,"height":836},"payload":{"scrollX":0,"scrollY":27.200000762939453,"documentHeight":7037,"viewportHeight":836}}
[2026-02-26T02:38:53.241Z] {"timestamp":1772073531673,"kind":"scroll","url":"http://localhost:3000/","viewport":{"width":1528,"height":836},"payload":{"scrollX":0,"scrollY":0.800000011920929,"documentHeight":7037,"viewportHeight":836}}
[2026-02-26T02:38:53.241Z] {"timestamp":1772073532190,"kind":"scroll","url":"http://localhost:3000/","viewport":{"width":1528,"height":836},"payload":{"scrollX":0,"scrollY":0.800000011920929,"documentHeight":7037,"viewportHeight":836}}
[2026-02-26T02:38:53.241Z] {"timestamp":1772073532741,"kind":"scroll","url":"http://localhost:3000/","viewport":{"width":1528,"height":836},"payload":{"scrollX":0,"scrollY":4.800000190734863,"documentHeight":7037,"viewportHeight":836}}
[2026-02-26T02:38:55.243Z] {"timestamp":1772073533592,"kind":"scroll","url":"http://localhost:3000/","viewport":{"width":1528,"height":836},"payload":{"scrollX":0,"scrollY":4.800000190734863,"documentHeight":7037,"viewportHeight":836}}
[2026-02-26T02:38:57.238Z] {"timestamp":1772073536253,"kind":"scroll","url":"http://localhost:3000/","viewport":{"width":1528,"height":836},"payload":{"scrollX":0,"scrollY":0.800000011920929,"documentHeight":7037,"viewportHeight":836}}
[2026-02-26T02:38:57.238Z] {"timestamp":1772073536764,"kind":"scroll","url":"http://localhost:3000/","viewport":{"width":1528,"height":836},"payload":{"scrollX":0,"scrollY":6.400000095367432,"documentHeight":7037,"viewportHeight":836}}
[2026-02-26T02:38:59.243Z] {"timestamp":1772073537481,"kind":"scroll","url":"http://localhost:3000/","viewport":{"width":1528,"height":836},"payload":{"scrollX":0,"scrollY":223.1999969482422,"documentHeight":7037,"viewportHeight":836}}
[2026-02-26T02:38:59.243Z] {"timestamp":1772073537982,"kind":"scroll","url":"http://localhost:3000/","viewport":{"width":1528,"height":836},"payload":{"scrollX":0,"scrollY":520,"documentHeight":7037,"viewportHeight":836}}
[2026-02-26T02:38:59.243Z] {"timestamp":1772073538532,"kind":"scroll","url":"http://localhost:3000/","viewport":{"width":1528,"height":836},"payload":{"scrollX":0,"scrollY":675.2000122070312,"documentHeight":7037,"viewportHeight":836}}
[2026-02-26T02:38:59.243Z] {"timestamp":1772073539133,"kind":"scroll","url":"http://localhost:3000/","viewport":{"width":1528,"height":836},"payload":{"scrollX":0,"scrollY":848,"documentHeight":7037,"viewportHeight":836}}
[2026-02-26T02:39:01.238Z] {"timestamp":1772073540268,"kind":"scroll","url":"http://localhost:3000/","viewport":{"width":1528,"height":836},"payload":{"scrollX":0,"scrollY":1000.7999877929688,"documentHeight":7037,"viewportHeight":836}}
[2026-02-26T02:39:07.263Z] {"timestamp":1772073546028,"kind":"click","url":"http://localhost:3000/","viewport":{"width":1528,"height":836},"payload":{"target":{"tag":"p","id":null,"name":null,"type":null,"role":null,"ariaLabel":null,"testId":null,"dataLoc":null,"href":null,"text":"\"Las instituciones financieras requieren infraestructura tecnológica de mitigaci…","selectorHint":"p"},"x":630,"y":710}}
[2026-02-26T02:39:07.263Z] {"timestamp":1772073546160,"kind":"click","url":"http://localhost:3000/","viewport":{"width":1528,"height":836},"payload":{"target":{"tag":"p","id":null,"name":null,"type":null,"role":null,"ariaLabel":null,"testId":null,"dataLoc":null,"href":null,"text":"\"Las instituciones financieras requieren infraestructura tecnológica de mitigaci…","selectorHint":"p"},"x":630,"y":710}}
[2026-02-26T02:39:07.263Z] {"timestamp":1772073546944,"kind":"click","url":"http://localhost:3000/","viewport":{"width":1528,"height":836},"payload":{"target":{"tag":"p","id":null,"name":null,"type":null,"role":null,"ariaLabel":null,"testId":null,"dataLoc":null,"href":null,"text":"\"Las instituciones financieras requieren infraestructura tecnológica de mitigaci…","selectorHint":"p"},"x":630,"y":710}}
[2026-02-26T02:39:25.238Z] {"timestamp":1772073565221,"kind":"scroll","url":"http://localhost:3000/","viewport":{"width":1528,"height":836},"payload":{"scrollX":0,"scrollY":1168.800048828125,"documentHeight":7037,"viewportHeight":836}}
[2026-02-26T02:39:27.243Z] {"timestamp":1772073565722,"kind":"scroll","url":"http://localhost:3000/","viewport":{"width":1528,"height":836},"payload":{"scrollX":0,"scrollY":1924.800048828125,"documentHeight":7037,"viewportHeight":836}}
[2026-02-26T02:39:29.242Z] {"timestamp":1772073567541,"kind":"scroll","url":"http://localhost:3000/","viewport":{"width":1528,"height":836},"payload":{"scrollX":0,"scrollY":2184.800048828125,"documentHeight":7037,"viewportHeight":836}}
[2026-02-26T02:39:29.242Z] {"timestamp":1772073568042,"kind":"scroll","url":"http://localhost:3000/","viewport":{"width":1528,"height":836},"payload":{"scrollX":0,"scrollY":2740,"documentHeight":7037,"viewportHeight":836}}
[2026-02-26T02:39:29.242Z] {"timestamp":1772073568543,"kind":"scroll","url":"http://localhost:3000/","viewport":{"width":1528,"height":836},"payload":{"scrollX":0,"scrollY":2930.39990234375,"documentHeight":7037,"viewportHeight":836}}
[2026-02-26T02:39:31.237Z] {"timestamp":1772073569293,"kind":"scroll","url":"http://localhost:3000/","viewport":{"width":1528,"height":836},"payload":{"scrollX":0,"scrollY":2978.39990234375,"documentHeight":7037,"viewportHeight":836}}
[2026-02-26T02:39:31.237Z] {"timestamp":1772073569962,"kind":"scroll","url":"http://localhost:3000/","viewport":{"width":1528,"height":836},"payload":{"scrollX":0,"scrollY":3428,"documentHeight":7037,"viewportHeight":836}}
[2026-02-26T02:39:31.237Z] {"timestamp":1772073570945,"kind":"scroll","url":"http://localhost:3000/","viewport":{"width":1528,"height":836},"payload":{"scrollX":0,"scrollY":3768.800048828125,"documentHeight":7037,"viewportHeight":836}}
[2026-02-26T02:39:33.248Z] {"timestamp":1772073571463,"kind":"scroll","url":"http://localhost:3000/","viewport":{"width":1528,"height":836},"payload":{"scrollX":0,"scrollY":3790.39990234375,"documentHeight":7037,"viewportHeight":836}}
[2026-02-26T02:39:33.248Z] {"timestamp":1772073572088,"kind":"scroll","url":"http://localhost:3000/","viewport":{"width":1528,"height":836},"payload":{"scrollX":0,"scrollY":3788.800048828125,"documentHeight":7037,"viewportHeight":836}}
[2026-02-26T02:39:33.248Z] {"timestamp":1772073572598,"kind":"scroll","url":"http://localhost:3000/","viewport":{"width":1528,"height":836},"payload":{"scrollX":0,"scrollY":3848.800048828125,"documentHeight":7037,"viewportHeight":836}}
[2026-02-26T02:39:33.248Z] {"timestamp":1772073573199,"kind":"scroll","url":"http://localhost:3000/","viewport":{"width":1528,"height":836},"payload":{"scrollX":0,"scrollY":3898.39990234375,"documentHeight":7037,"viewportHeight":836}}
[2026-02-26T02:39:35.243Z] {"timestamp":1772073573784,"kind":"scroll","url":"http://localhost:3000/","viewport":{"width":1528,"height":836},"payload":{"scrollX":0,"scrollY":3948.800048828125,"documentHeight":7037,"viewportHeight":836}}
[2026-02-26T02:39:35.243Z] {"timestamp":1772073574284,"kind":"scroll","url":"http://localhost:3000/","viewport":{"width":1528,"height":836},"payload":{"scrollX":0,"scrollY":4382.39990234375,"documentHeight":7037,"viewportHeight":836}}
[2026-02-26T02:39:35.243Z] {"timestamp":1772073575069,"kind":"scroll","url":"http://localhost:3000/","viewport":{"width":1528,"height":836},"payload":{"scrollX":0,"scrollY":4680.7998046875,"documentHeight":7037,"viewportHeight":836}}
[2026-02-26T02:39:37.252Z] {"timestamp":1772073575610,"kind":"scroll","url":"http://localhost:3000/","viewport":{"width":1528,"height":836},"payload":{"scrollX":0,"scrollY":4900.7998046875,"documentHeight":7037,"viewportHeight":836}}
[2026-02-26T02:39:37.252Z] {"timestamp":1772073576420,"kind":"scroll","url":"http://localhost:3000/","viewport":{"width":1528,"height":836},"payload":{"scrollX":0,"scrollY":5259.2001953125,"documentHeight":7037,"viewportHeight":836}}
[2026-02-26T02:39:39.241Z] {"timestamp":1772073577904,"kind":"scroll","url":"http://localhost:3000/","viewport":{"width":1528,"height":836},"payload":{"scrollX":0,"scrollY":5527.2001953125,"documentHeight":7037,"viewportHeight":836}}
[2026-02-26T02:39:39.241Z] {"timestamp":1772073579224,"kind":"scroll","url":"http://localhost:3000/","viewport":{"width":1528,"height":836},"payload":{"scrollX":0,"scrollY":5350.39990234375,"documentHeight":7037,"viewportHeight":836}}
[2026-02-26T02:39:41.251Z] {"timestamp":1772073580283,"kind":"focusin","url":"http://localhost:3000/","viewport":{"width":1528,"height":836},"payload":{"target":{"tag":"video","id":null,"name":null,"type":null,"role":null,"ariaLabel":null,"testId":null,"dataLoc":null,"href":null,"text":"Su navegador no soporta el elemento de video.","selectorHint":"video"}}}
[2026-02-26T02:39:41.251Z] {"timestamp":1772073580515,"kind":"click","url":"http://localhost:3000/","viewport":{"width":1528,"height":836},"payload":{"target":{"tag":"video","id":null,"name":null,"type":null,"role":null,"ariaLabel":null,"testId":null,"dataLoc":null,"href":null,"text":"Su navegador no soporta el elemento de video.","selectorHint":"video"},"x":312,"y":595}}
[2026-02-26T02:39:47.246Z] {"timestamp":1772073585535,"kind":"focusout","url":"http://localhost:3000/","viewport":{"width":1528,"height":836},"payload":{"target":{"tag":"video","id":null,"name":null,"type":null,"role":null,"ariaLabel":null,"testId":null,"dataLoc":null,"href":null,"text":"Su navegador no soporta el elemento de video.","selectorHint":"video"},"value":null}}
[2026-02-26T02:39:49.254Z] {"timestamp":1772073587269,"kind":"scroll","url":"http://localhost:3000/","viewport":{"width":1528,"height":836},"payload":{"scrollX":0,"scrollY":5500.7998046875,"documentHeight":7037,"viewportHeight":836}}
[2026-02-26T02:39:49.254Z] {"timestamp":1772073587770,"kind":"scroll","url":"http://localhost:3000/","viewport":{"width":1528,"height":836},"payload":{"scrollX":0,"scrollY":5460,"documentHeight":7037,"viewportHeight":836}}
[2026-02-26T02:39:51.241Z] {"timestamp":1772073589306,"kind":"scroll","url":"http://localhost:3000/","viewport":{"width":1528,"height":836},"payload":{"scrollX":0,"scrollY":5458.39990234375,"documentHeight":7037,"viewportHeight":836}}
[2026-02-26T02:39:51.241Z] {"timestamp":1772073589807,"kind":"scroll","url":"http://localhost:3000/","viewport":{"width":1528,"height":836},"payload":{"scrollX":0,"scrollY":5432,"documentHeight":7037,"viewportHeight":836}}
[2026-02-26T02:39:51.241Z] {"timestamp":1772073590308,"kind":"scroll","url":"http://localhost:3000/","viewport":{"width":1528,"height":836},"payload":{"scrollX":0,"scrollY":4975.2001953125,"documentHeight":7037,"viewportHeight":836}}
[2026-02-26T02:39:51.241Z] {"timestamp":1772073590808,"kind":"scroll","url":"http://localhost:3000/","viewport":{"width":1528,"height":836},"payload":{"scrollX":0,"scrollY":3552.800048828125,"documentHeight":7037,"viewportHeight":836}}
[2026-02-26T02:39:53.243Z] {"timestamp":1772073591309,"kind":"scroll","url":"http://localhost:3000/","viewport":{"width":1528,"height":836},"payload":{"scrollX":0,"scrollY":2963.199951171875,"documentHeight":7037,"viewportHeight":836}}
[2026-02-26T02:39:53.243Z] {"timestamp":1772073591809,"kind":"scroll","url":"http://localhost:3000/","viewport":{"width":1528,"height":836},"payload":{"scrollX":0,"scrollY":2284,"documentHeight":7037,"viewportHeight":836}}
[2026-02-26T02:39:53.243Z] {"timestamp":1772073592460,"kind":"scroll","url":"http://localhost:3000/","viewport":{"width":1528,"height":836},"payload":{"scrollX":0,"scrollY":1716.800048828125,"documentHeight":7037,"viewportHeight":836}}
[2026-02-26T02:39:53.243Z] {"timestamp":1772073592961,"kind":"scroll","url":"http://localhost:3000/","viewport":{"width":1528,"height":836},"payload":{"scrollX":0,"scrollY":980,"documentHeight":7037,"viewportHeight":836}}
[2026-02-26T02:39:55.242Z] {"timestamp":1772073593461,"kind":"scroll","url":"http://localhost:3000/","viewport":{"width":1528,"height":836},"payload":{"scrollX":0,"scrollY":466.3999938964844,"documentHeight":7037,"viewportHeight":836}}
[2026-02-26T02:39:55.242Z] {"timestamp":1772073593962,"kind":"scroll","url":"http://localhost:3000/","viewport":{"width":1528,"height":836},"payload":{"scrollX":0,"scrollY":395.20001220703125,"documentHeight":7037,"viewportHeight":836}}
[2026-02-26T02:39:55.242Z] {"timestamp":1772073594764,"kind":"scroll","url":"http://localhost:3000/","viewport":{"width":1528,"height":836},"payload":{"scrollX":0,"scrollY":638.4000244140625,"documentHeight":7037,"viewportHeight":836}}
[2026-02-26T02:39:57.243Z] {"timestamp":1772073597163,"kind":"click","url":"http://localhost:3000/","viewport":{"width":1528,"height":836},"payload":{"target":{"tag":"div","id":null,"name":null,"type":null,"role":null,"ariaLabel":null,"testId":null,"dataLoc":null,"href":null,"text":"EL DESAFÍO El Riesgo en el Financiamiento de Dispositivos Está Aumentando A medi…","selectorHint":"div"},"x":788,"y":393}}
[2026-02-26T02:39:59.243Z] {"timestamp":1772073597609,"kind":"click","url":"http://localhost:3000/","viewport":{"width":1528,"height":836},"payload":{"target":{"tag":"h2","id":null,"name":null,"type":null,"role":null,"ariaLabel":null,"testId":null,"dataLoc":null,"href":null,"text":"El Riesgo en el Financiamiento de Dispositivos Está Aumentando","selectorHint":"h2"},"x":788,"y":393}}
[2026-02-26T02:39:59.243Z] {"timestamp":1772073598098,"kind":"click","url":"http://localhost:3000/","viewport":{"width":1528,"height":836},"payload":{"target":{"tag":"h2","id":null,"name":null,"type":null,"role":null,"ariaLabel":null,"testId":null,"dataLoc":null,"href":null,"text":"El Riesgo en el Financiamiento de Dispositivos Está Aumentando","selectorHint":"h2"},"x":788,"y":393}}
[2026-02-26T02:39:59.243Z] {"timestamp":1772073598696,"kind":"click","url":"http://localhost:3000/","viewport":{"width":1528,"height":836},"payload":{"target":{"tag":"h2","id":null,"name":null,"type":null,"role":null,"ariaLabel":null,"testId":null,"dataLoc":null,"href":null,"text":"El Riesgo en el Financiamiento de Dispositivos Está Aumentando","selectorHint":"h2"},"x":788,"y":393}}
[2026-02-26T02:40:01.239Z] {"timestamp":1772073599404,"kind":"click","url":"http://localhost:3000/","viewport":{"width":1528,"height":836},"payload":{"target":{"tag":"h2","id":null,"name":null,"type":null,"role":null,"ariaLabel":null,"testId":null,"dataLoc":null,"href":null,"text":"El Riesgo en el Financiamiento de Dispositivos Está Aumentando","selectorHint":"h2"},"x":779,"y":393}}
[2026-02-26T02:40:01.239Z] {"timestamp":1772073600221,"kind":"click","url":"http://localhost:3000/","viewport":{"width":1528,"height":836},"payload":{"target":{"tag":"h2","id":null,"name":null,"type":null,"role":null,"ariaLabel":null,"testId":null,"dataLoc":null,"href":null,"text":"El Riesgo en el Financiamiento de Dispositivos Está Aumentando","selectorHint":"h2"},"x":767,"y":390}}
[2026-02-26T02:40:03.250Z] {"timestamp":1772073601640,"kind":"click","url":"http://localhost:3000/","viewport":{"width":1528,"height":836},"payload":{"target":{"tag":"div","id":null,"name":null,"type":null,"role":null,"ariaLabel":null,"testId":null,"dataLoc":null,"href":null,"text":"EL DESAFÍO El Riesgo en el Financiamiento de Dispositivos Está Aumentando A medi…","selectorHint":"div"},"x":133,"y":296}}
[2026-02-26T02:40:03.250Z] {"timestamp":1772073602192,"kind":"click","url":"http://localhost:3000/","viewport":{"width":1528,"height":836},"payload":{"target":{"tag":"div","id":null,"name":null,"type":null,"role":null,"ariaLabel":null,"testId":null,"dataLoc":null,"href":null,"text":"EL DESAFÍO El Riesgo en el Financiamiento de Dispositivos Está Aumentando A medi…","selectorHint":"div"},"x":133,"y":296}}
[2026-02-26T02:40:03.250Z] {"timestamp":1772073602925,"kind":"click","url":"http://localhost:3000/","viewport":{"width":1528,"height":836},"payload":{"target":{"tag":"div","id":null,"name":null,"type":null,"role":null,"ariaLabel":null,"testId":null,"dataLoc":null,"href":null,"text":"EL DESAFÍO El Riesgo en el Financiamiento de Dispositivos Está Aumentando A medi…","selectorHint":"div"},"x":148,"y":300}}
[2026-02-26T02:40:05.244Z] {"timestamp":1772073604536,"kind":"click","url":"http://localhost:3000/","viewport":{"width":1528,"height":836},"payload":{"target":{"tag":"span","id":null,"name":null,"type":null,"role":null,"ariaLabel":null,"testId":null,"dataLoc":null,"href":null,"text":"EL DESAFÍO","selectorHint":"span"},"x":251,"y":281}}
[2026-02-26T02:40:05.244Z] {"timestamp":1772073604939,"kind":"click","url":"http://localhost:3000/","viewport":{"width":1528,"height":836},"payload":{"target":{"tag":"span","id":null,"name":null,"type":null,"role":null,"ariaLabel":null,"testId":null,"dataLoc":null,"href":null,"text":"EL DESAFÍO","selectorHint":"span"},"x":251,"y":281}}
[2026-02-26T02:40:07.244Z] {"timestamp":1772073605777,"kind":"click","url":"http://localhost:3000/","viewport":{"width":1528,"height":836},"payload":{"target":{"tag":"span","id":null,"name":null,"type":null,"role":null,"ariaLabel":null,"testId":null,"dataLoc":null,"href":null,"text":"EL DESAFÍO","selectorHint":"span"},"x":245,"y":292}}
[2026-02-26T02:40:07.244Z] {"timestamp":1772073606898,"kind":"click","url":"http://localhost:3000/","viewport":{"width":1528,"height":836},"payload":{"target":{"tag":"h2","id":null,"name":null,"type":null,"role":null,"ariaLabel":null,"testId":null,"dataLoc":null,"href":null,"text":"El Riesgo en el Financiamiento de Dispositivos Está Aumentando","selectorHint":"h2"},"x":196,"y":349}}
[2026-02-26T02:40:09.250Z] {"timestamp":1772073607565,"kind":"scroll","url":"http://localhost:3000/","viewport":{"width":1528,"height":836},"payload":{"scrollX":0,"scrollY":714.4000244140625,"documentHeight":7037,"viewportHeight":836}}
[2026-02-26T02:40:09.250Z] {"timestamp":1772073608066,"kind":"scroll","url":"http://localhost:3000/","viewport":{"width":1528,"height":836},"payload":{"scrollX":0,"scrollY":954.4000244140625,"documentHeight":7037,"viewportHeight":836}}
[2026-02-26T02:40:09.250Z] {"timestamp":1772073608567,"kind":"scroll","url":"http://localhost:3000/","viewport":{"width":1528,"height":836},"payload":{"scrollX":0,"scrollY":1075.199951171875,"documentHeight":7037,"viewportHeight":836}}
[2026-02-26T02:40:09.250Z] {"timestamp":1772073609085,"kind":"scroll","url":"http://localhost:3000/","viewport":{"width":1528,"height":836},"payload":{"scrollX":0,"scrollY":846.4000244140625,"documentHeight":7037,"viewportHeight":836}}
[2026-02-26T02:40:11.247Z] {"timestamp":1772073611198,"kind":"click","url":"http://localhost:3000/","viewport":{"width":1528,"height":836},"payload":{"target":{"tag":"div","id":null,"name":null,"type":null,"role":null,"ariaLabel":null,"testId":null,"dataLoc":null,"href":null,"text":"EL DESAFÍO El Riesgo en el Financiamiento de Dispositivos Está Aumentando A medi…","selectorHint":"div"},"x":836,"y":218}}
[2026-02-26T02:40:13.248Z] {"timestamp":1772073612167,"kind":"click","url":"http://localhost:3000/","viewport":{"width":1528,"height":836},"payload":{"target":{"tag":"div","id":null,"name":null,"type":null,"role":null,"ariaLabel":null,"testId":null,"dataLoc":null,"href":null,"text":"EL DESAFÍO El Riesgo en el Financiamiento de Dispositivos Está Aumentando A medi…","selectorHint":"div"},"x":836,"y":218}}
[2026-02-26T02:47:39.515Z] {"timestamp":1772074058951,"kind":"scroll","url":"http://localhost:3000/","viewport":{"width":1536,"height":799},"payload":{"scrollX":0,"scrollY":132,"documentHeight":6838,"viewportHeight":799}}
[2026-02-26T02:47:39.515Z] {"timestamp":1772074059453,"kind":"scroll","url":"http://localhost:3000/","viewport":{"width":1536,"height":799},"payload":{"scrollX":0,"scrollY":851.2000122070312,"documentHeight":6838,"viewportHeight":799}}
[2026-02-26T02:47:41.518Z] {"timestamp":1772074059952,"kind":"scroll","url":"http://localhost:3000/","viewport":{"width":1536,"height":799},"payload":{"scrollX":0,"scrollY":1123.199951171875,"documentHeight":6838,"viewportHeight":799}}
[2026-02-26T02:47:41.518Z] {"timestamp":1772074060519,"kind":"scroll","url":"http://localhost:3000/","viewport":{"width":1536,"height":799},"payload":{"scrollX":0,"scrollY":1122.4000244140625,"documentHeight":6838,"viewportHeight":799}}
[2026-02-26T02:47:41.518Z] {"timestamp":1772074061053,"kind":"scroll","url":"http://localhost:3000/","viewport":{"width":1536,"height":799},"payload":{"scrollX":0,"scrollY":1116,"documentHeight":6838,"viewportHeight":799}}
[2026-02-26T02:47:43.504Z] {"timestamp":1772074061555,"kind":"scroll","url":"http://localhost:3000/","viewport":{"width":1536,"height":799},"payload":{"scrollX":0,"scrollY":1084.800048828125,"documentHeight":6838,"viewportHeight":799}}
[2026-02-26T02:47:43.504Z] {"timestamp":1772074062556,"kind":"scroll","url":"http://localhost:3000/","viewport":{"width":1536,"height":799},"payload":{"scrollX":0,"scrollY":1020.7999877929688,"documentHeight":6838,"viewportHeight":799}}
[2026-02-26T02:47:43.504Z] {"timestamp":1772074063057,"kind":"scroll","url":"http://localhost:3000/","viewport":{"width":1536,"height":799},"payload":{"scrollX":0,"scrollY":888.7999877929688,"documentHeight":6838,"viewportHeight":799}}
[2026-02-26T02:47:45.508Z] {"timestamp":1772074063574,"kind":"scroll","url":"http://localhost:3000/","viewport":{"width":1536,"height":799},"payload":{"scrollX":0,"scrollY":871.2000122070312,"documentHeight":6838,"viewportHeight":799}}
[2026-02-26T02:47:50.879Z] {"timestamp":1772074067429,"kind":"scroll","url":"http://localhost:3000/","viewport":{"width":1528,"height":836},"payload":{"scrollX":0,"scrollY":796.7999877929688,"documentHeight":7037,"viewportHeight":836}}
[2026-02-26T02:47:50.879Z] {"timestamp":1772074068164,"kind":"scroll","url":"http://localhost:3000/","viewport":{"width":1528,"height":836},"payload":{"scrollX":0,"scrollY":736.7999877929688,"documentHeight":7037,"viewportHeight":836}}
[2026-02-26T02:47:50.879Z] {"timestamp":1772074068673,"kind":"scroll","url":"http://localhost:3000/","viewport":{"width":1528,"height":836},"payload":{"scrollX":0,"scrollY":866.4000244140625,"documentHeight":7037,"viewportHeight":836}}
[2026-02-26T02:47:57.241Z] {"timestamp":1772074075925,"kind":"scroll","url":"http://localhost:3000/","viewport":{"width":1528,"height":836},"payload":{"scrollX":0,"scrollY":795.2000122070312,"documentHeight":7037,"viewportHeight":836}}
[2026-03-01T18:24:26.985Z] {"timestamp":1772389466487,"kind":"focusin","url":"http://localhost:3000/","viewport":{"width":1912,"height":956},"payload":{"target":{"tag":"a","id":null,"name":null,"type":null,"role":null,"ariaLabel":null,"testId":null,"dataLoc":null,"href":"/contacto","text":"Solicitar Demostración","selectorHint":"a"}}}
[2026-03-01T18:24:26.985Z] {"timestamp":1772389466559,"kind":"click","url":"http://localhost:3000/","viewport":{"width":1912,"height":956},"payload":{"target":{"tag":"a","id":null,"name":null,"type":null,"role":null,"ariaLabel":null,"testId":null,"dataLoc":null,"href":"/contacto","text":"Solicitar Demostración","selectorHint":"a"},"x":1611,"y":51}}
[2026-03-01T18:24:26.985Z] {"timestamp":1772389466561,"kind":"navigate","url":"http://localhost:3000/contacto","viewport":{"width":1912,"height":956},"payload":{"reason":"pushState"}}
[2026-03-01T18:24:26.985Z] {"timestamp":1772389466571,"kind":"focusout","url":"http://localhost:3000/contacto","viewport":{"width":1912,"height":956},"payload":{"target":{"tag":"a","id":null,"name":null,"type":null,"role":null,"ariaLabel":null,"testId":null,"dataLoc":null,"href":"/contacto","text":"Solicitar Demostración","selectorHint":"a"},"value":null}}
[2026-03-01T18:24:28.982Z] {"timestamp":1772389467473,"kind":"scroll","url":"http://localhost:3000/contacto","viewport":{"width":1912,"height":956},"payload":{"scrollX":0,"scrollY":1,"documentHeight":1661,"viewportHeight":956}}
[2026-03-01T18:24:28.982Z] {"timestamp":1772389468391,"kind":"scroll","url":"http://localhost:3000/contacto","viewport":{"width":1912,"height":956},"payload":{"scrollX":0,"scrollY":101,"documentHeight":1661,"viewportHeight":956}}
[2026-03-01T18:24:28.982Z] {"timestamp":1772389468975,"kind":"scroll","url":"http://localhost:3000/contacto","viewport":{"width":1912,"height":956},"payload":{"scrollX":0,"scrollY":201,"documentHeight":1661,"viewportHeight":956}}
[2026-03-01T18:24:30.990Z] {"timestamp":1772389469475,"kind":"scroll","url":"http://localhost:3000/contacto","viewport":{"width":1912,"height":956},"payload":{"scrollX":0,"scrollY":286,"documentHeight":1661,"viewportHeight":956}}
[2026-03-01T18:24:30.990Z] {"timestamp":1772389469993,"kind":"scroll","url":"http://localhost:3000/contacto","viewport":{"width":1912,"height":956},"payload":{"scrollX":0,"scrollY":218,"documentHeight":1661,"viewportHeight":956}}
[2026-03-01T18:24:30.990Z] {"timestamp":1772389470494,"kind":"scroll","url":"http://localhost:3000/contacto","viewport":{"width":1912,"height":956},"payload":{"scrollX":0,"scrollY":15,"documentHeight":1661,"viewportHeight":956}}
[2026-03-01T18:24:48.983Z] {"timestamp":1772389487219,"kind":"scroll","url":"http://localhost:3000/contacto","viewport":{"width":1912,"height":956},"payload":{"scrollX":0,"scrollY":199,"documentHeight":1661,"viewportHeight":956}}
[2026-03-01T18:24:50.986Z] {"timestamp":1772389489516,"kind":"click","url":"http://localhost:3000/contacto","viewport":{"width":1912,"height":956},"payload":{"target":{"tag":"h1","id":null,"name":null,"type":null,"role":null,"ariaLabel":null,"testId":null,"dataLoc":null,"href":null,"text":"Contacto Corporativo","selectorHint":"h1"},"x":770,"y":196}}
[2026-03-01T18:24:50.986Z] {"timestamp":1772389490150,"kind":"click","url":"http://localhost:3000/contacto","viewport":{"width":1912,"height":956},"payload":{"target":{"tag":"section","id":null,"name":null,"type":null,"role":null,"ariaLabel":null,"testId":null,"dataLoc":null,"href":null,"text":"Nombre de la Institución * País * Tipo de Institución * Seleccione Banco Comerci…","selectorHint":"section"},"x":630,"y":416}}
[2026-03-01T18:24:54.990Z] {"timestamp":1772389493051,"kind":"click","url":"http://localhost:3000/contacto","viewport":{"width":1912,"height":956},"payload":{"target":{"tag":"div","id":null,"name":null,"type":null,"role":null,"ariaLabel":null,"testId":null,"dataLoc":null,"href":null,"text":"Nombre de la Institución * País * Tipo de Institución * Seleccione Banco Comerci…","selectorHint":"div"},"x":210,"y":532}}
[2026-03-01T18:28:20.979Z] {"timestamp":1772389698985,"kind":"click","url":"http://localhost:3000/contacto","viewport":{"width":1912,"height":956},"payload":{"target":{"tag":"nav","id":null,"name":null,"type":null,"role":null,"ariaLabel":null,"testId":null,"dataLoc":null,"href":null,"text":"Soluciones Cómo Funciona Seguridad Sobre LOCKALL Recursos Contacto Solicitar Dem…","selectorHint":"nav"},"x":596,"y":54}}
[2026-03-01T18:28:20.979Z] {"timestamp":1772389699235,"kind":"focusin","url":"http://localhost:3000/contacto","viewport":{"width":1912,"height":956},"payload":{"target":{"tag":"a","id":null,"name":null,"type":null,"role":null,"ariaLabel":null,"testId":null,"dataLoc":null,"href":"/soluciones","text":"Soluciones","selectorHint":"a"}}}
[2026-03-01T18:28:20.979Z] {"timestamp":1772389699258,"kind":"click","url":"http://localhost:3000/contacto","viewport":{"width":1912,"height":956},"payload":{"target":{"tag":"a","id":null,"name":null,"type":null,"role":null,"ariaLabel":null,"testId":null,"dataLoc":null,"href":"/soluciones","text":"Soluciones","selectorHint":"a"},"x":601,"y":43}}
[2026-03-01T18:28:20.979Z] {"timestamp":1772389699259,"kind":"navigate","url":"http://localhost:3000/soluciones","viewport":{"width":1912,"height":956},"payload":{"reason":"pushState"}}
[2026-03-01T18:28:20.979Z] {"timestamp":1772389699269,"kind":"focusout","url":"http://localhost:3000/soluciones","viewport":{"width":1912,"height":956},"payload":{"target":{"tag":"a","id":null,"name":null,"type":null,"role":null,"ariaLabel":null,"testId":null,"dataLoc":null,"href":"/soluciones","text":"Soluciones","selectorHint":"a"},"value":null}}
[2026-03-01T18:30:28.979Z] {"timestamp":1772389828238,"kind":"click","url":"http://localhost:3000/soluciones","viewport":{"width":1912,"height":956},"payload":{"target":{"tag":"div","id":null,"name":null,"type":null,"role":null,"ariaLabel":null,"testId":null,"dataLoc":null,"href":null,"text":"Soluciones Cómo Funciona Seguridad Sobre LOCKALL Recursos Contacto Solicitar Dem…","selectorHint":"div"},"x":691,"y":57}}
[2026-03-01T18:30:30.992Z] {"timestamp":1772389829319,"kind":"click","url":"http://localhost:3000/soluciones","viewport":{"width":1912,"height":956},"payload":{"target":{"tag":"nav","id":null,"name":null,"type":null,"role":null,"ariaLabel":null,"testId":null,"dataLoc":null,"href":null,"text":"Soluciones Cómo Funciona Seguridad Sobre LOCKALL Recursos Contacto Solicitar Dem…","selectorHint":"nav"},"x":799,"y":61}}
[2026-03-01T18:30:30.992Z] {"timestamp":1772389830698,"kind":"click","url":"http://localhost:3000/soluciones","viewport":{"width":1912,"height":956},"payload":{"target":{"tag":"div","id":null,"name":null,"type":null,"role":null,"ariaLabel":null,"testId":null,"dataLoc":null,"href":null,"text":"Soluciones Cómo Funciona Seguridad Sobre LOCKALL Recursos Contacto Solicitar Dem…","selectorHint":"div"},"x":720,"y":70}}
[2026-03-01T18:30:32.982Z] {"timestamp":1772389831013,"kind":"click","url":"http://localhost:3000/soluciones","viewport":{"width":1912,"height":956},"payload":{"target":{"tag":"section","id":null,"name":null,"type":null,"role":null,"ariaLabel":null,"testId":null,"dataLoc":null,"href":null,"text":"NUESTRAS SOLUCIONES Soluciones de Protección Financiera de Nivel Empresarial Tre…","selectorHint":"section"},"x":788,"y":85}}
[2026-03-01T18:30:34.983Z] {"timestamp":1772389833325,"kind":"click","url":"http://localhost:3000/soluciones","viewport":{"width":1912,"height":956},"payload":{"target":{"tag":"div","id":null,"name":null,"type":null,"role":null,"ariaLabel":null,"testId":null,"dataLoc":null,"href":null,"text":"Soluciones Cómo Funciona Seguridad Sobre LOCKALL Recursos Contacto","selectorHint":"div"},"x":781,"y":34}}
[2026-03-01T18:30:34.983Z] {"timestamp":1772389834947,"kind":"scroll","url":"http://localhost:3000/soluciones","viewport":{"width":1912,"height":956},"payload":{"scrollX":0,"scrollY":17,"documentHeight":3832,"viewportHeight":956}}
[2026-03-01T18:35:21.830Z] {"timestamp":1772390121644,"kind":"focusin","url":"http://localhost:3000/soluciones","viewport":{"width":1912,"height":956},"payload":{"target":{"tag":"a","id":null,"name":null,"type":null,"role":null,"ariaLabel":null,"testId":null,"dataLoc":null,"href":"/","text":"","selectorHint":"a"}}}
[2026-03-01T18:35:23.838Z] {"timestamp":1772390122484,"kind":"focusout","url":"http://localhost:3000/soluciones","viewport":{"width":1912,"height":956},"payload":{"target":{"tag":"a","id":null,"name":null,"type":null,"role":null,"ariaLabel":null,"testId":null,"dataLoc":null,"href":"/","text":"","selectorHint":"a"},"value":null}}
[2026-03-01T18:35:23.838Z] {"timestamp":1772390123833,"kind":"focusin","url":"http://localhost:3000/soluciones","viewport":{"width":1912,"height":956},"payload":{"target":{"tag":"a","id":null,"name":null,"type":null,"role":null,"ariaLabel":null,"testId":null,"dataLoc":null,"href":"/","text":"","selectorHint":"a"}}}
[2026-03-01T18:35:26.091Z] {"timestamp":1772390124763,"kind":"focusout","url":"http://localhost:3000/soluciones","viewport":{"width":1912,"height":956},"payload":{"target":{"tag":"a","id":null,"name":null,"type":null,"role":null,"ariaLabel":null,"testId":null,"dataLoc":null,"href":"/","text":"","selectorHint":"a"},"value":null}}
[2026-03-01T18:36:01.828Z] {"timestamp":1772390161785,"kind":"focusin","url":"http://localhost:3000/soluciones","viewport":{"width":1912,"height":956},"payload":{"target":{"tag":"a","id":null,"name":null,"type":null,"role":null,"ariaLabel":null,"testId":null,"dataLoc":null,"href":"/","text":"","selectorHint":"a"}}}
[2026-03-01T18:36:05.829Z] {"timestamp":1772390164612,"kind":"click","url":"http://localhost:3000/soluciones","viewport":{"width":1912,"height":956},"payload":{"target":{"tag":"img","id":null,"name":null,"type":null,"role":null,"ariaLabel":null,"testId":null,"dataLoc":null,"href":null,"text":"","selectorHint":"img"},"x":238,"y":36}}
[2026-03-01T18:36:05.829Z] {"timestamp":1772390164615,"kind":"navigate","url":"http://localhost:3000/","viewport":{"width":1912,"height":956},"payload":{"reason":"pushState"}}
[2026-03-01T18:36:05.829Z] {"timestamp":1772390164628,"kind":"focusout","url":"http://localhost:3000/","viewport":{"width":1912,"height":956},"payload":{"target":{"tag":"a","id":null,"name":null,"type":null,"role":null,"ariaLabel":null,"testId":null,"dataLoc":null,"href":"/","text":"","selectorHint":"a"},"value":null}}
[2026-03-01T18:36:07.829Z] {"timestamp":1772390166673,"kind":"click","url":"http://localhost:3000/","viewport":{"width":1912,"height":956},"payload":{"target":{"tag":"nav","id":null,"name":null,"type":null,"role":null,"ariaLabel":null,"testId":null,"dataLoc":null,"href":null,"text":"Soluciones Cómo Funciona Seguridad Sobre LOCKALL Recursos Contacto Solicitar Dem…","selectorHint":"nav"},"x":247,"y":54}}
[2026-03-01T18:36:07.829Z] {"timestamp":1772390166913,"kind":"focusin","url":"http://localhost:3000/","viewport":{"width":1912,"height":956},"payload":{"target":{"tag":"a","id":null,"name":null,"type":null,"role":null,"ariaLabel":null,"testId":null,"dataLoc":null,"href":"/","text":"","selectorHint":"a"}}}
[2026-03-01T18:36:07.829Z] {"timestamp":1772390166991,"kind":"click","url":"http://localhost:3000/","viewport":{"width":1912,"height":956},"payload":{"target":{"tag":"img","id":null,"name":null,"type":null,"role":null,"ariaLabel":null,"testId":null,"dataLoc":null,"href":null,"text":"","selectorHint":"img"},"x":244,"y":47}}
[2026-03-01T18:36:07.829Z] {"timestamp":1772390166992,"kind":"navigate","url":"http://localhost:3000/","viewport":{"width":1912,"height":956},"payload":{"reason":"pushState"}}
[2026-03-01T18:36:10.086Z] {"timestamp":1772390168111,"kind":"focusout","url":"http://localhost:3000/","viewport":{"width":1912,"height":956},"payload":{"target":{"tag":"a","id":null,"name":null,"type":null,"role":null,"ariaLabel":null,"testId":null,"dataLoc":null,"href":"/","text":"","selectorHint":"a"},"value":null}}
[2026-03-01T18:36:10.086Z] {"timestamp":1772390169035,"kind":"focusin","url":"http://localhost:3000/","viewport":{"width":1912,"height":956},"payload":{"target":{"tag":"a","id":null,"name":null,"type":null,"role":null,"ariaLabel":null,"testId":null,"dataLoc":null,"href":"/","text":"","selectorHint":"a"}}}
[2026-03-01T18:36:10.086Z] {"timestamp":1772390169382,"kind":"focusout","url":"http://localhost:3000/","viewport":{"width":1912,"height":956},"payload":{"target":{"tag":"a","id":null,"name":null,"type":null,"role":null,"ariaLabel":null,"testId":null,"dataLoc":null,"href":"/","text":"","selectorHint":"a"},"value":null}}
[2026-03-01T18:36:31.974Z] {"timestamp":1772390190167,"kind":"focusin","url":"http://localhost:3000/","viewport":{"width":1912,"height":956},"payload":{"target":{"tag":"a","id":null,"name":null,"type":null,"role":null,"ariaLabel":null,"testId":null,"dataLoc":null,"href":"/","text":"","selectorHint":"a"}}}
[2026-03-01T18:36:31.974Z] {"timestamp":1772390191357,"kind":"focusout","url":"http://localhost:3000/","viewport":{"width":1912,"height":956},"payload":{"target":{"tag":"a","id":null,"name":null,"type":null,"role":null,"ariaLabel":null,"testId":null,"dataLoc":null,"href":"/","text":"","selectorHint":"a"},"value":null}}
[2026-03-01T18:36:33.834Z] {"timestamp":1772390192103,"kind":"focusin","url":"http://localhost:3000/","viewport":{"width":1912,"height":956},"payload":{"target":{"tag":"a","id":null,"name":null,"type":null,"role":null,"ariaLabel":null,"testId":null,"dataLoc":null,"href":"/","text":"","selectorHint":"a"}}}
[2026-03-01T18:36:33.834Z] {"timestamp":1772390193147,"kind":"focusout","url":"http://localhost:3000/","viewport":{"width":1912,"height":956},"payload":{"target":{"tag":"a","id":null,"name":null,"type":null,"role":null,"ariaLabel":null,"testId":null,"dataLoc":null,"href":"/","text":"","selectorHint":"a"},"value":null}}
[2026-03-01T18:36:33.834Z] {"timestamp":1772390193147,"kind":"focusin","url":"http://localhost:3000/","viewport":{"width":1912,"height":956},"payload":{"target":{"tag":"a","id":null,"name":null,"type":null,"role":null,"ariaLabel":null,"testId":null,"dataLoc":null,"href":"/soluciones","text":"Soluciones","selectorHint":"a"}}}
[2026-03-01T18:36:33.834Z] {"timestamp":1772390193233,"kind":"click","url":"http://localhost:3000/","viewport":{"width":1912,"height":956},"payload":{"target":{"tag":"a","id":null,"name":null,"type":null,"role":null,"ariaLabel":null,"testId":null,"dataLoc":null,"href":"/soluciones","text":"Soluciones","selectorHint":"a"},"x":615,"y":41}}
[2026-03-01T18:36:33.834Z] {"timestamp":1772390193234,"kind":"navigate","url":"http://localhost:3000/soluciones","viewport":{"width":1912,"height":956},"payload":{"reason":"pushState"}}
[2026-03-01T18:36:33.834Z] {"timestamp":1772390193242,"kind":"focusout","url":"http://localhost:3000/soluciones","viewport":{"width":1912,"height":956},"payload":{"target":{"tag":"a","id":null,"name":null,"type":null,"role":null,"ariaLabel":null,"testId":null,"dataLoc":null,"href":"/soluciones","text":"Soluciones","selectorHint":"a"},"value":null}}
[2026-03-01T18:36:36.091Z] {"timestamp":1772390193872,"kind":"focusin","url":"http://localhost:3000/soluciones","viewport":{"width":1912,"height":956},"payload":{"target":{"tag":"a","id":null,"name":null,"type":null,"role":null,"ariaLabel":null,"testId":null,"dataLoc":null,"href":"/como-funciona","text":"Cómo Funciona","selectorHint":"a"}}}
[2026-03-01T18:36:36.091Z] {"timestamp":1772390193959,"kind":"click","url":"http://localhost:3000/soluciones","viewport":{"width":1912,"height":956},"payload":{"target":{"tag":"a","id":null,"name":null,"type":null,"role":null,"ariaLabel":null,"testId":null,"dataLoc":null,"href":"/como-funciona","text":"Cómo Funciona","selectorHint":"a"},"x":737,"y":35}}
[2026-03-01T18:36:36.091Z] {"timestamp":1772390193960,"kind":"navigate","url":"http://localhost:3000/como-funciona","viewport":{"width":1912,"height":956},"payload":{"reason":"pushState"}}
[2026-03-01T18:36:36.091Z] {"timestamp":1772390193966,"kind":"focusout","url":"http://localhost:3000/como-funciona","viewport":{"width":1912,"height":956},"payload":{"target":{"tag":"a","id":null,"name":null,"type":null,"role":null,"ariaLabel":null,"testId":null,"dataLoc":null,"href":"/como-funciona","text":"Cómo Funciona","selectorHint":"a"},"value":null}}
[2026-03-01T18:36:39.828Z] {"timestamp":1772390199160,"kind":"focusin","url":"http://localhost:3000/como-funciona","viewport":{"width":1912,"height":956},"payload":{"target":{"tag":"a","id":null,"name":null,"type":null,"role":null,"ariaLabel":null,"testId":null,"dataLoc":null,"href":"/","text":"","selectorHint":"a"}}}
[2026-03-01T18:36:39.828Z] {"timestamp":1772390199258,"kind":"click","url":"http://localhost:3000/como-funciona","viewport":{"width":1912,"height":956},"payload":{"target":{"tag":"img","id":null,"name":null,"type":null,"role":null,"ariaLabel":null,"testId":null,"dataLoc":null,"href":null,"text":"","selectorHint":"img"},"x":280,"y":44}}
[2026-03-01T18:36:39.828Z] {"timestamp":1772390199258,"kind":"navigate","url":"http://localhost:3000/","viewport":{"width":1912,"height":956},"payload":{"reason":"pushState"}}
[2026-03-01T18:36:39.828Z] {"timestamp":1772390199268,"kind":"focusout","url":"http://localhost:3000/","viewport":{"width":1912,"height":956},"payload":{"target":{"tag":"a","id":null,"name":null,"type":null,"role":null,"ariaLabel":null,"testId":null,"dataLoc":null,"href":"/","text":"","selectorHint":"a"},"value":null}}
[2026-03-01T18:36:41.829Z] {"timestamp":1772390201221,"kind":"click","url":"http://localhost:3000/","viewport":{"width":1912,"height":956},"payload":{"target":{"tag":"nav","id":null,"name":null,"type":null,"role":null,"ariaLabel":null,"testId":null,"dataLoc":null,"href":null,"text":"Soluciones Cómo Funciona Seguridad Sobre LOCKALL Recursos Contacto Solicitar Dem…","selectorHint":"nav"},"x":723,"y":53}}
[2026-03-01T18:36:41.830Z] {"timestamp":1772390201422,"kind":"focusin","url":"http://localhost:3000/","viewport":{"width":1912,"height":956},"payload":{"target":{"tag":"a","id":null,"name":null,"type":null,"role":null,"ariaLabel":null,"testId":null,"dataLoc":null,"href":"/como-funciona","text":"Cómo Funciona","selectorHint":"a"}}}
[2026-03-01T18:36:41.830Z] {"timestamp":1772390201509,"kind":"click","url":"http://localhost:3000/","viewport":{"width":1912,"height":956},"payload":{"target":{"tag":"a","id":null,"name":null,"type":null,"role":null,"ariaLabel":null,"testId":null,"dataLoc":null,"href":"/como-funciona","text":"Cómo Funciona","selectorHint":"a"},"x":720,"y":44}}
[2026-03-01T18:36:41.830Z] {"timestamp":1772390201510,"kind":"navigate","url":"http://localhost:3000/como-funciona","viewport":{"width":1912,"height":956},"payload":{"reason":"pushState"}}
[2026-03-01T18:36:41.830Z] {"timestamp":1772390201516,"kind":"focusout","url":"http://localhost:3000/como-funciona","viewport":{"width":1912,"height":956},"payload":{"target":{"tag":"a","id":null,"name":null,"type":null,"role":null,"ariaLabel":null,"testId":null,"dataLoc":null,"href":"/como-funciona","text":"Cómo Funciona","selectorHint":"a"},"value":null}}
[2026-03-01T18:36:43.833Z] {"timestamp":1772390203186,"kind":"scroll","url":"http://localhost:3000/como-funciona","viewport":{"width":1912,"height":956},"payload":{"scrollX":0,"scrollY":1,"documentHeight":2816,"viewportHeight":956}}
[2026-03-01T18:36:43.833Z] {"timestamp":1772390203686,"kind":"scroll","url":"http://localhost:3000/como-funciona","viewport":{"width":1912,"height":956},"payload":{"scrollX":0,"scrollY":125,"documentHeight":2816,"viewportHeight":956}}
[2026-03-01T18:36:53.831Z] {"timestamp":1772390212786,"kind":"scroll","url":"http://localhost:3000/como-funciona","viewport":{"width":400,"height":869},"payload":{"scrollX":0,"scrollY":1,"documentHeight":4216,"viewportHeight":869}}
[2026-03-01T18:36:53.831Z] {"timestamp":1772390213300,"kind":"scroll","url":"http://localhost:3000/como-funciona","viewport":{"width":400,"height":869},"payload":{"scrollX":0,"scrollY":400,"documentHeight":4216,"viewportHeight":869}}
[2026-03-01T18:36:53.831Z] {"timestamp":1772390213812,"kind":"scroll","url":"http://localhost:3000/como-funciona","viewport":{"width":400,"height":869},"payload":{"scrollX":0,"scrollY":601,"documentHeight":4216,"viewportHeight":869}}
[2026-03-01T18:36:55.833Z] {"timestamp":1772390214317,"kind":"scroll","url":"http://localhost:3000/como-funciona","viewport":{"width":400,"height":869},"payload":{"scrollX":0,"scrollY":300,"documentHeight":4216,"viewportHeight":869}}
[2026-03-01T18:36:55.833Z] {"timestamp":1772390214829,"kind":"scroll","url":"http://localhost:3000/como-funciona","viewport":{"width":400,"height":869},"payload":{"scrollX":0,"scrollY":649,"documentHeight":4216,"viewportHeight":869}}
[2026-03-01T18:36:55.833Z] {"timestamp":1772390215330,"kind":"scroll","url":"http://localhost:3000/como-funciona","viewport":{"width":400,"height":869},"payload":{"scrollX":0,"scrollY":2002,"documentHeight":4216,"viewportHeight":869}}
[2026-03-01T18:36:55.833Z] {"timestamp":1772390215831,"kind":"scroll","url":"http://localhost:3000/como-funciona","viewport":{"width":400,"height":869},"payload":{"scrollX":0,"scrollY":2701,"documentHeight":4216,"viewportHeight":869}}
[2026-03-01T18:36:57.834Z] {"timestamp":1772390216331,"kind":"scroll","url":"http://localhost:3000/como-funciona","viewport":{"width":400,"height":869},"payload":{"scrollX":0,"scrollY":3011,"documentHeight":4216,"viewportHeight":869}}
[2026-03-01T18:36:57.834Z] {"timestamp":1772390217495,"kind":"click","url":"http://localhost:3000/como-funciona","viewport":{"width":400,"height":869},"payload":{"target":{"tag":"div","id":null,"name":null,"type":null,"role":null,"ariaLabel":null,"testId":null,"dataLoc":null,"href":null,"text":"Soluciones avanzadas de mitigación de riesgo en el financiamiento de dispositivo…","selectorHint":"div"},"x":187,"y":283}}
[2026-03-01T18:36:57.834Z] {"timestamp":1772390217566,"kind":"scroll","url":"http://localhost:3000/como-funciona","viewport":{"width":400,"height":869},"payload":{"scrollX":0,"scrollY":3037,"documentHeight":4216,"viewportHeight":869}}
[2026-03-01T18:36:59.833Z] {"timestamp":1772390218067,"kind":"scroll","url":"http://localhost:3000/como-funciona","viewport":{"width":400,"height":869},"payload":{"scrollX":0,"scrollY":2729,"documentHeight":4216,"viewportHeight":869}}
[2026-03-01T18:36:59.833Z] {"timestamp":1772390219002,"kind":"scroll","url":"http://localhost:3000/como-funciona","viewport":{"width":400,"height":869},"payload":{"scrollX":0,"scrollY":3341,"documentHeight":4216,"viewportHeight":869}}
[2026-03-01T18:36:59.833Z] {"timestamp":1772390219502,"kind":"scroll","url":"http://localhost:3000/como-funciona","viewport":{"width":400,"height":869},"payload":{"scrollX":0,"scrollY":1344,"documentHeight":4216,"viewportHeight":869}}
[2026-03-01T18:37:01.843Z] {"timestamp":1772390220003,"kind":"scroll","url":"http://localhost:3000/como-funciona","viewport":{"width":400,"height":869},"payload":{"scrollX":0,"scrollY":627,"documentHeight":4216,"viewportHeight":869}}
[2026-03-01T18:37:01.843Z] {"timestamp":1772390220940,"kind":"focusin","url":"http://localhost:3000/como-funciona","viewport":{"width":400,"height":869},"payload":{"target":{"tag":"button","id":null,"name":null,"type":null,"role":null,"ariaLabel":"Toggle menu","testId":null,"dataLoc":null,"href":null,"text":"","selectorHint":"button"}}}
[2026-03-01T18:37:01.843Z] {"timestamp":1772390220941,"kind":"click","url":"http://localhost:3000/como-funciona","viewport":{"width":400,"height":869},"payload":{"target":{"tag":"svg","id":null,"name":null,"type":null,"role":null,"ariaLabel":null,"testId":null,"dataLoc":null,"href":null,"text":"","selectorHint":"svg"},"x":370,"y":33}}
[2026-03-01T18:37:03.836Z] {"timestamp":1772390222293,"kind":"click","url":"http://localhost:3000/como-funciona","viewport":{"width":400,"height":869},"payload":{"target":{"tag":"svg","id":null,"name":null,"type":null,"role":null,"ariaLabel":null,"testId":null,"dataLoc":null,"href":null,"text":"","selectorHint":"svg"},"x":370,"y":33}}
[2026-03-01T18:37:03.836Z] {"timestamp":1772390223512,"kind":"focusout","url":"http://localhost:3000/como-funciona","viewport":{"width":400,"height":869},"payload":{"target":{"tag":"button","id":null,"name":null,"type":null,"role":null,"ariaLabel":"Toggle menu","testId":null,"dataLoc":null,"href":null,"text":"","selectorHint":"button"},"value":null}}
[2026-03-01T18:37:03.836Z] {"timestamp":1772390223585,"kind":"focusin","url":"http://localhost:3000/como-funciona","viewport":{"width":400,"height":869},"payload":{"target":{"tag":"button","id":null,"name":null,"type":null,"role":null,"ariaLabel":"Toggle menu","testId":null,"dataLoc":null,"href":null,"text":"","selectorHint":"button"}}}
[2026-03-01T18:37:03.836Z] {"timestamp":1772390223599,"kind":"focusout","url":"http://localhost:3000/como-funciona","viewport":{"width":1912,"height":956},"payload":{"target":{"tag":"button","id":null,"name":null,"type":null,"role":null,"ariaLabel":"Toggle menu","testId":null,"dataLoc":null,"href":null,"text":"","selectorHint":"button"},"value":null}}
[2026-03-01T18:37:41.828Z] {"timestamp":1772390260629,"kind":"scroll","url":"http://localhost:3000/como-funciona","viewport":{"width":1912,"height":956},"payload":{"scrollX":0,"scrollY":616,"documentHeight":2833,"viewportHeight":956}}
[2026-03-01T18:37:41.828Z] {"timestamp":1772390261196,"kind":"scroll","url":"http://localhost:3000/como-funciona","viewport":{"width":1912,"height":956},"payload":{"scrollX":0,"scrollY":1218,"documentHeight":2833,"viewportHeight":956}}
[2026-03-01T18:37:45.828Z] {"timestamp":1772390265086,"kind":"click","url":"http://localhost:3000/como-funciona","viewport":{"width":1912,"height":956},"payload":{"target":{"tag":"div","id":null,"name":null,"type":null,"role":null,"ariaLabel":null,"testId":null,"dataLoc":null,"href":null,"text":"SOLUCIONES LOCKALL Shield™ LOCKALL Control™ LOCKALL Insight™","selectorHint":"div"},"x":654,"y":738}}
[2026-03-01T18:37:45.828Z] {"timestamp":1772390265285,"kind":"focusin","url":"http://localhost:3000/como-funciona","viewport":{"width":1912,"height":956},"payload":{"target":{"tag":"a","id":null,"name":null,"type":null,"role":null,"ariaLabel":null,"testId":null,"dataLoc":null,"href":"/soluciones","text":"LOCKALL Shield™","selectorHint":"a"}}}
[2026-03-01T18:37:45.828Z] {"timestamp":1772390265355,"kind":"click","url":"http://localhost:3000/como-funciona","viewport":{"width":1912,"height":956},"payload":{"target":{"tag":"a","id":null,"name":null,"type":null,"role":null,"ariaLabel":null,"testId":null,"dataLoc":null,"href":"/soluciones","text":"LOCKALL Shield™","selectorHint":"a"},"x":661,"y":759}}
[2026-03-01T18:37:45.828Z] {"timestamp":1772390265357,"kind":"navigate","url":"http://localhost:3000/soluciones","viewport":{"width":1912,"height":956},"payload":{"reason":"pushState"}}
[2026-03-01T18:37:45.828Z] {"timestamp":1772390265367,"kind":"focusout","url":"http://localhost:3000/soluciones","viewport":{"width":1912,"height":956},"payload":{"target":{"tag":"a","id":null,"name":null,"type":null,"role":null,"ariaLabel":null,"testId":null,"dataLoc":null,"href":"/soluciones","text":"LOCKALL Shield™","selectorHint":"a"},"value":null}}
[2026-03-01T18:37:45.828Z] {"timestamp":1772390265388,"kind":"scroll","url":"http://localhost:3000/soluciones","viewport":{"width":1912,"height":956},"payload":{"scrollX":0,"scrollY":1775,"documentHeight":3849,"viewportHeight":956}}
[2026-03-01T18:37:47.838Z] {"timestamp":1772390265904,"kind":"scroll","url":"http://localhost:3000/soluciones","viewport":{"width":1912,"height":956},"payload":{"scrollX":0,"scrollY":41,"documentHeight":3849,"viewportHeight":956}}
[2026-03-01T18:37:47.838Z] {"timestamp":1772390266459,"kind":"scroll","url":"http://localhost:3000/soluciones","viewport":{"width":1912,"height":956},"payload":{"scrollX":0,"scrollY":1,"documentHeight":3849,"viewportHeight":956}}
[2026-03-01T18:37:47.838Z] {"timestamp":1772390267272,"kind":"scroll","url":"http://localhost:3000/soluciones","viewport":{"width":1912,"height":956},"payload":{"scrollX":0,"scrollY":1,"documentHeight":3849,"viewportHeight":956}}
[2026-03-01T18:37:49.828Z] {"timestamp":1772390267872,"kind":"scroll","url":"http://localhost:3000/soluciones","viewport":{"width":1912,"height":956},"payload":{"scrollX":0,"scrollY":199,"documentHeight":3849,"viewportHeight":956}}
[2026-03-01T18:37:49.828Z] {"timestamp":1772390268970,"kind":"focusin","url":"http://localhost:3000/soluciones","viewport":{"width":1912,"height":956},"payload":{"target":{"tag":"a","id":null,"name":null,"type":null,"role":null,"ariaLabel":null,"testId":null,"dataLoc":null,"href":"/","text":"","selectorHint":"a"}}}
[2026-03-01T18:37:49.828Z] {"timestamp":1772390269055,"kind":"click","url":"http://localhost:3000/soluciones","viewport":{"width":1912,"height":956},"payload":{"target":{"tag":"img","id":null,"name":null,"type":null,"role":null,"ariaLabel":null,"testId":null,"dataLoc":null,"href":null,"text":"","selectorHint":"img"},"x":269,"y":32}}
[2026-03-01T18:37:49.828Z] {"timestamp":1772390269056,"kind":"navigate","url":"http://localhost:3000/","viewport":{"width":1912,"height":956},"payload":{"reason":"pushState"}}
[2026-03-01T18:37:49.828Z] {"timestamp":1772390269066,"kind":"focusout","url":"http://localhost:3000/","viewport":{"width":1912,"height":956},"payload":{"target":{"tag":"a","id":null,"name":null,"type":null,"role":null,"ariaLabel":null,"testId":null,"dataLoc":null,"href":"/","text":"","selectorHint":"a"},"value":null}}
[2026-03-01T18:39:55.828Z] {"timestamp":1772390394456,"kind":"scroll","url":"http://localhost:3000/","viewport":{"width":1912,"height":956},"payload":{"scrollX":0,"scrollY":4,"documentHeight":6990,"viewportHeight":956}}
[2026-03-01T18:39:55.828Z] {"timestamp":1772390394963,"kind":"scroll","url":"http://localhost:3000/","viewport":{"width":1912,"height":956},"payload":{"scrollX":0,"scrollY":500,"documentHeight":6990,"viewportHeight":956}}
[2026-03-01T18:39:57.830Z] {"timestamp":1772390396432,"kind":"scroll","url":"http://localhost:3000/","viewport":{"width":1912,"height":956},"payload":{"scrollX":0,"scrollY":505,"documentHeight":6990,"viewportHeight":956}}
[2026-03-01T18:39:57.830Z] {"timestamp":1772390396942,"kind":"scroll","url":"http://localhost:3000/","viewport":{"width":1912,"height":956},"payload":{"scrollX":0,"scrollY":3789,"documentHeight":6990,"viewportHeight":956}}
[2026-03-01T18:39:57.830Z] {"timestamp":1772390397443,"kind":"scroll","url":"http://localhost:3000/","viewport":{"width":1912,"height":956},"payload":{"scrollX":0,"scrollY":4974,"documentHeight":6990,"viewportHeight":956}}
[2026-03-01T18:39:59.828Z] {"timestamp":1772390397994,"kind":"scroll","url":"http://localhost:3000/","viewport":{"width":1912,"height":956},"payload":{"scrollX":0,"scrollY":5288,"documentHeight":6990,"viewportHeight":956}}
[2026-03-01T18:39:59.828Z] {"timestamp":1772390398814,"kind":"focusin","url":"http://localhost:3000/","viewport":{"width":1912,"height":956},"payload":{"target":{"tag":"video","id":null,"name":null,"type":null,"role":null,"ariaLabel":null,"testId":null,"dataLoc":null,"href":null,"text":"Su navegador no soporta el elemento de video.","selectorHint":"video"}}}
[2026-03-01T18:39:59.828Z] {"timestamp":1772390398917,"kind":"click","url":"http://localhost:3000/","viewport":{"width":1912,"height":956},"payload":{"target":{"tag":"video","id":null,"name":null,"type":null,"role":null,"ariaLabel":null,"testId":null,"dataLoc":null,"href":null,"text":"Su navegador no soporta el elemento de video.","selectorHint":"video"},"x":914,"y":505}}
[2026-03-01T18:40:07.837Z] {"timestamp":1772390406415,"kind":"focusout","url":"http://localhost:3000/","viewport":{"width":1912,"height":956},"payload":{"target":{"tag":"video","id":null,"name":null,"type":null,"role":null,"ariaLabel":null,"testId":null,"dataLoc":null,"href":null,"text":"Su navegador no soporta el elemento de video.","selectorHint":"video"},"value":null}}
[2026-03-01T18:40:17.829Z] {"timestamp":1772390417477,"kind":"focusin","url":"http://localhost:3000/","viewport":{"width":1912,"height":956},"payload":{"target":{"tag":"video","id":null,"name":null,"type":null,"role":null,"ariaLabel":null,"testId":null,"dataLoc":null,"href":null,"text":"Su navegador no soporta el elemento de video.","selectorHint":"video"}}}
[2026-03-01T18:40:19.828Z] {"timestamp":1772390419091,"kind":"focusout","url":"http://localhost:3000/","viewport":{"width":1912,"height":956},"payload":{"target":{"tag":"video","id":null,"name":null,"type":null,"role":null,"ariaLabel":null,"testId":null,"dataLoc":null,"href":null,"text":"Su navegador no soporta el elemento de video.","selectorHint":"video"},"value":null}}
[2026-03-01T18:40:19.828Z] {"timestamp":1772390419091,"kind":"focusin","url":"http://localhost:3000/","viewport":{"width":1912,"height":956},"payload":{"target":{"tag":"a","id":null,"name":null,"type":null,"role":null,"ariaLabel":null,"testId":null,"dataLoc":null,"href":"/","text":"","selectorHint":"a"}}}
[2026-03-01T18:40:19.828Z] {"timestamp":1772390419177,"kind":"click","url":"http://localhost:3000/","viewport":{"width":1912,"height":956},"payload":{"target":{"tag":"img","id":null,"name":null,"type":null,"role":null,"ariaLabel":null,"testId":null,"dataLoc":null,"href":null,"text":"","selectorHint":"img"},"x":238,"y":35}}
[2026-03-01T18:40:19.828Z] {"timestamp":1772390419180,"kind":"navigate","url":"http://localhost:3000/","viewport":{"width":1912,"height":956},"payload":{"reason":"pushState"}}
[2026-03-01T18:40:21.831Z] {"timestamp":1772390420245,"kind":"click","url":"http://localhost:3000/","viewport":{"width":1912,"height":956},"payload":{"target":{"tag":"img","id":null,"name":null,"type":null,"role":null,"ariaLabel":null,"testId":null,"dataLoc":null,"href":null,"text":"","selectorHint":"img"},"x":255,"y":21}}
[2026-03-01T18:40:21.831Z] {"timestamp":1772390420245,"kind":"navigate","url":"http://localhost:3000/","viewport":{"width":1912,"height":956},"payload":{"reason":"pushState"}}
[2026-03-01T18:40:21.831Z] {"timestamp":1772390420892,"kind":"focusout","url":"http://localhost:3000/","viewport":{"width":1912,"height":956},"payload":{"target":{"tag":"a","id":null,"name":null,"type":null,"role":null,"ariaLabel":null,"testId":null,"dataLoc":null,"href":"/","text":"","selectorHint":"a"},"value":null}}
[2026-03-01T18:40:21.831Z] {"timestamp":1772390420979,"kind":"click","url":"http://localhost:3000/","viewport":{"width":1912,"height":956},"payload":{"target":{"tag":"nav","id":null,"name":null,"type":null,"role":null,"ariaLabel":null,"testId":null,"dataLoc":null,"href":null,"text":"Soluciones Cómo Funciona Seguridad Sobre LOCKALL Recursos Contacto Solicitar Dem…","selectorHint":"nav"},"x":613,"y":47}}
[2026-03-01T18:40:21.831Z] {"timestamp":1772390421164,"kind":"focusin","url":"http://localhost:3000/","viewport":{"width":1912,"height":956},"payload":{"target":{"tag":"a","id":null,"name":null,"type":null,"role":null,"ariaLabel":null,"testId":null,"dataLoc":null,"href":"/soluciones","text":"Soluciones","selectorHint":"a"}}}
[2026-03-01T18:40:21.831Z] {"timestamp":1772390421243,"kind":"click","url":"http://localhost:3000/","viewport":{"width":1912,"height":956},"payload":{"target":{"tag":"a","id":null,"name":null,"type":null,"role":null,"ariaLabel":null,"testId":null,"dataLoc":null,"href":"/soluciones","text":"Soluciones","selectorHint":"a"},"x":617,"y":38}}
[2026-03-01T18:40:21.831Z] {"timestamp":1772390421244,"kind":"navigate","url":"http://localhost:3000/soluciones","viewport":{"width":1912,"height":956},"payload":{"reason":"pushState"}}
[2026-03-01T18:40:21.831Z] {"timestamp":1772390421253,"kind":"focusout","url":"http://localhost:3000/soluciones","viewport":{"width":1912,"height":956},"payload":{"target":{"tag":"a","id":null,"name":null,"type":null,"role":null,"ariaLabel":null,"testId":null,"dataLoc":null,"href":"/soluciones","text":"Soluciones","selectorHint":"a"},"value":null}}
[2026-03-01T18:40:21.831Z] {"timestamp":1772390421259,"kind":"scroll","url":"http://localhost:3000/soluciones","viewport":{"width":1912,"height":956},"payload":{"scrollX":0,"scrollY":2893,"documentHeight":3849,"viewportHeight":956}}
[2026-03-01T18:40:21.831Z] {"timestamp":1772390421762,"kind":"scroll","url":"http://localhost:3000/soluciones","viewport":{"width":1912,"height":956},"payload":{"scrollX":0,"scrollY":287,"documentHeight":3849,"viewportHeight":956}}
[2026-03-01T18:40:23.828Z] {"timestamp":1772390422458,"kind":"focusin","url":"http://localhost:3000/soluciones","viewport":{"width":1912,"height":956},"payload":{"target":{"tag":"a","id":null,"name":null,"type":null,"role":null,"ariaLabel":null,"testId":null,"dataLoc":null,"href":"/","text":"","selectorHint":"a"}}}
[2026-03-01T18:40:23.828Z] {"timestamp":1772390422529,"kind":"click","url":"http://localhost:3000/soluciones","viewport":{"width":1912,"height":956},"payload":{"target":{"tag":"img","id":null,"name":null,"type":null,"role":null,"ariaLabel":null,"testId":null,"dataLoc":null,"href":null,"text":"","selectorHint":"img"},"x":293,"y":35}}
[2026-03-01T18:40:23.828Z] {"timestamp":1772390422530,"kind":"navigate","url":"http://localhost:3000/","viewport":{"width":1912,"height":956},"payload":{"reason":"pushState"}}
[2026-03-01T18:40:23.828Z] {"timestamp":1772390422540,"kind":"focusout","url":"http://localhost:3000/","viewport":{"width":1912,"height":956},"payload":{"target":{"tag":"a","id":null,"name":null,"type":null,"role":null,"ariaLabel":null,"testId":null,"dataLoc":null,"href":"/","text":"","selectorHint":"a"},"value":null}}
[2026-03-01T18:40:57.832Z] {"timestamp":1772390457415,"kind":"focusin","url":"http://localhost:3000/","viewport":{"width":1912,"height":956},"payload":{"target":{"tag":"a","id":null,"name":null,"type":null,"role":null,"ariaLabel":null,"testId":null,"dataLoc":null,"href":"/sobre-lockall","text":"Sobre LOCKALL","selectorHint":"a"}}}
[2026-03-01T18:40:57.832Z] {"timestamp":1772390457501,"kind":"click","url":"http://localhost:3000/","viewport":{"width":1912,"height":956},"payload":{"target":{"tag":"a","id":null,"name":null,"type":null,"role":null,"ariaLabel":null,"testId":null,"dataLoc":null,"href":"/sobre-lockall","text":"Sobre LOCKALL","selectorHint":"a"},"x":988,"y":38}}
[2026-03-01T18:40:57.832Z] {"timestamp":1772390457502,"kind":"navigate","url":"http://localhost:3000/sobre-lockall","viewport":{"width":1912,"height":956},"payload":{"reason":"pushState"}}
[2026-03-01T18:40:57.832Z] {"timestamp":1772390457507,"kind":"focusout","url":"http://localhost:3000/sobre-lockall","viewport":{"width":1912,"height":956},"payload":{"target":{"tag":"a","id":null,"name":null,"type":null,"role":null,"ariaLabel":null,"testId":null,"dataLoc":null,"href":"/sobre-lockall","text":"Sobre LOCKALL","selectorHint":"a"},"value":null}}
[2026-03-01T18:40:59.836Z] {"timestamp":1772390458581,"kind":"scroll","url":"http://localhost:3000/sobre-lockall","viewport":{"width":1912,"height":956},"payload":{"scrollX":0,"scrollY":1,"documentHeight":2616,"viewportHeight":956}}
[2026-03-01T18:41:01.828Z] {"timestamp":1772390461285,"kind":"scroll","url":"http://localhost:3000/sobre-lockall","viewport":{"width":1912,"height":956},"payload":{"scrollX":0,"scrollY":301,"documentHeight":2616,"viewportHeight":956}}
[2026-03-01T18:41:01.828Z] {"timestamp":1772390461793,"kind":"scroll","url":"http://localhost:3000/sobre-lockall","viewport":{"width":1912,"height":956},"payload":{"scrollX":0,"scrollY":914,"documentHeight":2616,"viewportHeight":956}}
[2026-03-01T18:41:03.830Z] {"timestamp":1772390462309,"kind":"scroll","url":"http://localhost:3000/sobre-lockall","viewport":{"width":1912,"height":956},"payload":{"scrollX":0,"scrollY":1281,"documentHeight":2616,"viewportHeight":956}}
[2026-03-01T18:41:03.831Z] {"timestamp":1772390462811,"kind":"scroll","url":"http://localhost:3000/sobre-lockall","viewport":{"width":1912,"height":956},"payload":{"scrollX":0,"scrollY":1446,"documentHeight":2616,"viewportHeight":956}}
[2026-03-01T18:41:03.831Z] {"timestamp":1772390463605,"kind":"scroll","url":"http://localhost:3000/sobre-lockall","viewport":{"width":1912,"height":956},"payload":{"scrollX":0,"scrollY":1659,"documentHeight":2616,"viewportHeight":956}}
[2026-03-01T18:41:05.830Z] {"timestamp":1772390464173,"kind":"scroll","url":"http://localhost:3000/sobre-lockall","viewport":{"width":1912,"height":956},"payload":{"scrollX":0,"scrollY":1558,"documentHeight":2616,"viewportHeight":956}}
[2026-03-01T18:41:05.830Z] {"timestamp":1772390464679,"kind":"scroll","url":"http://localhost:3000/sobre-lockall","viewport":{"width":1912,"height":956},"payload":{"scrollX":0,"scrollY":761,"documentHeight":2616,"viewportHeight":956}}
[2026-03-01T18:41:05.830Z] {"timestamp":1772390465180,"kind":"scroll","url":"http://localhost:3000/sobre-lockall","viewport":{"width":1912,"height":956},"payload":{"scrollX":0,"scrollY":17,"documentHeight":2616,"viewportHeight":956}}
[2026-03-01T18:41:07.837Z] {"timestamp":1772390465956,"kind":"focusin","url":"http://localhost:3000/sobre-lockall","viewport":{"width":1912,"height":956},"payload":{"target":{"tag":"a","id":null,"name":null,"type":null,"role":null,"ariaLabel":null,"testId":null,"dataLoc":null,"href":"/seguridad","text":"Seguridad","selectorHint":"a"}}}
[2026-03-01T18:41:07.837Z] {"timestamp":1772390466035,"kind":"click","url":"http://localhost:3000/sobre-lockall","viewport":{"width":1912,"height":956},"payload":{"target":{"tag":"a","id":null,"name":null,"type":null,"role":null,"ariaLabel":null,"testId":null,"dataLoc":null,"href":"/seguridad","text":"Seguridad","selectorHint":"a"},"x":856,"y":29}}
[2026-03-01T18:41:07.837Z] {"timestamp":1772390466036,"kind":"navigate","url":"http://localhost:3000/seguridad","viewport":{"width":1912,"height":956},"payload":{"reason":"pushState"}}
[2026-03-01T18:41:07.837Z] {"timestamp":1772390466043,"kind":"focusout","url":"http://localhost:3000/seguridad","viewport":{"width":1912,"height":956},"payload":{"target":{"tag":"a","id":null,"name":null,"type":null,"role":null,"ariaLabel":null,"testId":null,"dataLoc":null,"href":"/seguridad","text":"Seguridad","selectorHint":"a"},"value":null}}
[2026-03-01T18:41:07.837Z] {"timestamp":1772390466633,"kind":"scroll","url":"http://localhost:3000/seguridad","viewport":{"width":1912,"height":956},"payload":{"scrollX":0,"scrollY":1,"documentHeight":3259,"viewportHeight":956}}
[2026-03-01T18:41:07.837Z] {"timestamp":1772390467133,"kind":"scroll","url":"http://localhost:3000/seguridad","viewport":{"width":1912,"height":956},"payload":{"scrollX":0,"scrollY":300,"documentHeight":3259,"viewportHeight":956}}
[2026-03-01T18:41:07.837Z] {"timestamp":1772390467645,"kind":"scroll","url":"http://localhost:3000/seguridad","viewport":{"width":1912,"height":956},"payload":{"scrollX":0,"scrollY":643,"documentHeight":3259,"viewportHeight":956}}
[2026-03-01T18:41:09.841Z] {"timestamp":1772390468151,"kind":"scroll","url":"http://localhost:3000/seguridad","viewport":{"width":1912,"height":956},"payload":{"scrollX":0,"scrollY":1531,"documentHeight":3259,"viewportHeight":956}}
[2026-03-01T18:41:09.841Z] {"timestamp":1772390469136,"kind":"scroll","url":"http://localhost:3000/seguridad","viewport":{"width":1912,"height":956},"payload":{"scrollX":0,"scrollY":1701,"documentHeight":3259,"viewportHeight":956}}
[2026-03-01T18:41:09.841Z] {"timestamp":1772390469637,"kind":"scroll","url":"http://localhost:3000/seguridad","viewport":{"width":1912,"height":956},"payload":{"scrollX":0,"scrollY":1998,"documentHeight":3259,"viewportHeight":956}}
[2026-03-01T18:41:13.828Z] {"timestamp":1772390472632,"kind":"focusin","url":"http://localhost:3000/seguridad","viewport":{"width":1912,"height":956},"payload":{"target":{"tag":"a","id":null,"name":null,"type":null,"role":null,"ariaLabel":null,"testId":null,"dataLoc":null,"href":"/como-funciona","text":"Cómo Funciona","selectorHint":"a"}}}
[2026-03-01T18:41:13.829Z] {"timestamp":1772390472720,"kind":"click","url":"http://localhost:3000/seguridad","viewport":{"width":1912,"height":956},"payload":{"target":{"tag":"a","id":null,"name":null,"type":null,"role":null,"ariaLabel":null,"testId":null,"dataLoc":null,"href":"/como-funciona","text":"Cómo Funciona","selectorHint":"a"},"x":750,"y":34}}
[2026-03-01T18:41:13.829Z] {"timestamp":1772390472720,"kind":"navigate","url":"http://localhost:3000/como-funciona","viewport":{"width":1912,"height":956},"payload":{"reason":"pushState"}}
[2026-03-01T18:41:13.829Z] {"timestamp":1772390472727,"kind":"focusout","url":"http://localhost:3000/como-funciona","viewport":{"width":1912,"height":956},"payload":{"target":{"tag":"a","id":null,"name":null,"type":null,"role":null,"ariaLabel":null,"testId":null,"dataLoc":null,"href":"/como-funciona","text":"Cómo Funciona","selectorHint":"a"},"value":null}}
[2026-03-01T18:41:13.829Z] {"timestamp":1772390472732,"kind":"scroll","url":"http://localhost:3000/como-funciona","viewport":{"width":1912,"height":956},"payload":{"scrollX":0,"scrollY":1877,"documentHeight":2833,"viewportHeight":956}}
[2026-03-01T18:41:13.829Z] {"timestamp":1772390473236,"kind":"scroll","url":"http://localhost:3000/como-funciona","viewport":{"width":1912,"height":956},"payload":{"scrollX":0,"scrollY":64,"documentHeight":2833,"viewportHeight":956}}
[2026-03-01T18:41:13.829Z] {"timestamp":1772390473743,"kind":"scroll","url":"http://localhost:3000/como-funciona","viewport":{"width":1912,"height":956},"payload":{"scrollX":0,"scrollY":232,"documentHeight":2833,"viewportHeight":956}}
[2026-03-01T18:41:15.831Z] {"timestamp":1772390474292,"kind":"scroll","url":"http://localhost:3000/como-funciona","viewport":{"width":1912,"height":956},"payload":{"scrollX":0,"scrollY":801,"documentHeight":2833,"viewportHeight":956}}
[2026-03-01T18:41:15.831Z] {"timestamp":1772390474794,"kind":"scroll","url":"http://localhost:3000/como-funciona","viewport":{"width":1912,"height":956},"payload":{"scrollX":0,"scrollY":1195,"documentHeight":2833,"viewportHeight":956}}
[2026-03-01T18:41:15.831Z] {"timestamp":1772390475296,"kind":"scroll","url":"http://localhost:3000/como-funciona","viewport":{"width":1912,"height":956},"payload":{"scrollX":0,"scrollY":997,"documentHeight":2833,"viewportHeight":956}}
[2026-03-01T18:41:17.835Z] {"timestamp":1772390475910,"kind":"focusin","url":"http://localhost:3000/como-funciona","viewport":{"width":1912,"height":956},"payload":{"target":{"tag":"a","id":null,"name":null,"type":null,"role":null,"ariaLabel":null,"testId":null,"dataLoc":null,"href":"/soluciones","text":"Soluciones","selectorHint":"a"}}}
[2026-03-01T18:41:17.835Z] {"timestamp":1772390475965,"kind":"click","url":"http://localhost:3000/como-funciona","viewport":{"width":1912,"height":956},"payload":{"target":{"tag":"a","id":null,"name":null,"type":null,"role":null,"ariaLabel":null,"testId":null,"dataLoc":null,"href":"/soluciones","text":"Soluciones","selectorHint":"a"},"x":626,"y":30}}
[2026-03-01T18:41:17.835Z] {"timestamp":1772390475966,"kind":"navigate","url":"http://localhost:3000/soluciones","viewport":{"width":1912,"height":956},"payload":{"reason":"pushState"}}
[2026-03-01T18:41:17.835Z] {"timestamp":1772390475974,"kind":"focusout","url":"http://localhost:3000/soluciones","viewport":{"width":1912,"height":956},"payload":{"target":{"tag":"a","id":null,"name":null,"type":null,"role":null,"ariaLabel":null,"testId":null,"dataLoc":null,"href":"/soluciones","text":"Soluciones","selectorHint":"a"},"value":null}}
[2026-03-01T18:41:17.835Z] {"timestamp":1772390475990,"kind":"scroll","url":"http://localhost:3000/soluciones","viewport":{"width":1912,"height":956},"payload":{"scrollX":0,"scrollY":998,"documentHeight":3849,"viewportHeight":956}}
[2026-03-01T18:41:17.835Z] {"timestamp":1772390476491,"kind":"scroll","url":"http://localhost:3000/soluciones","viewport":{"width":1912,"height":956},"payload":{"scrollX":0,"scrollY":0,"documentHeight":3849,"viewportHeight":956}}
[2026-03-01T18:41:17.835Z] {"timestamp":1772390476992,"kind":"scroll","url":"http://localhost:3000/soluciones","viewport":{"width":1912,"height":956},"payload":{"scrollX":0,"scrollY":208,"documentHeight":3849,"viewportHeight":956}}
[2026-03-01T18:41:17.835Z] {"timestamp":1772390477498,"kind":"scroll","url":"http://localhost:3000/soluciones","viewport":{"width":1912,"height":956},"payload":{"scrollX":0,"scrollY":1099,"documentHeight":3849,"viewportHeight":956}}
[2026-03-01T18:41:19.829Z] {"timestamp":1772390478009,"kind":"scroll","url":"http://localhost:3000/soluciones","viewport":{"width":1912,"height":956},"payload":{"scrollX":0,"scrollY":1542,"documentHeight":3849,"viewportHeight":956}}
[2026-03-01T18:41:19.829Z] {"timestamp":1772390478660,"kind":"scroll","url":"http://localhost:3000/soluciones","viewport":{"width":1912,"height":956},"payload":{"scrollX":0,"scrollY":2201,"documentHeight":3849,"viewportHeight":956}}
[2026-03-01T18:41:19.829Z] {"timestamp":1772390479167,"kind":"scroll","url":"http://localhost:3000/soluciones","viewport":{"width":1912,"height":956},"payload":{"scrollX":0,"scrollY":2858,"documentHeight":3849,"viewportHeight":956}}
[2026-03-01T18:41:21.840Z] {"timestamp":1772390479847,"kind":"scroll","url":"http://localhost:3000/soluciones","viewport":{"width":1912,"height":956},"payload":{"scrollX":0,"scrollY":2889,"documentHeight":3849,"viewportHeight":956}}
[2026-03-01T18:41:21.840Z] {"timestamp":1772390480700,"kind":"focusin","url":"http://localhost:3000/soluciones","viewport":{"width":1912,"height":956},"payload":{"target":{"tag":"a","id":null,"name":null,"type":null,"role":null,"ariaLabel":null,"testId":null,"dataLoc":null,"href":"/sobre-lockall","text":"Sobre LOCKALL","selectorHint":"a"}}}
[2026-03-01T18:41:21.840Z] {"timestamp":1772390480755,"kind":"click","url":"http://localhost:3000/soluciones","viewport":{"width":1912,"height":956},"payload":{"target":{"tag":"a","id":null,"name":null,"type":null,"role":null,"ariaLabel":null,"testId":null,"dataLoc":null,"href":"/sobre-lockall","text":"Sobre LOCKALL","selectorHint":"a"},"x":1004,"y":45}}
[2026-03-01T18:41:21.840Z] {"timestamp":1772390480755,"kind":"navigate","url":"http://localhost:3000/sobre-lockall","viewport":{"width":1912,"height":956},"payload":{"reason":"pushState"}}
[2026-03-01T18:41:21.840Z] {"timestamp":1772390480759,"kind":"focusout","url":"http://localhost:3000/sobre-lockall","viewport":{"width":1912,"height":956},"payload":{"target":{"tag":"a","id":null,"name":null,"type":null,"role":null,"ariaLabel":null,"testId":null,"dataLoc":null,"href":"/sobre-lockall","text":"Sobre LOCKALL","selectorHint":"a"},"value":null}}
[2026-03-01T18:41:21.840Z] {"timestamp":1772390480763,"kind":"scroll","url":"http://localhost:3000/sobre-lockall","viewport":{"width":1912,"height":956},"payload":{"scrollX":0,"scrollY":1660,"documentHeight":2616,"viewportHeight":956}}
[2026-03-01T18:41:21.840Z] {"timestamp":1772390481264,"kind":"scroll","url":"http://localhost:3000/sobre-lockall","viewport":{"width":1912,"height":956},"payload":{"scrollX":0,"scrollY":47,"documentHeight":2616,"viewportHeight":956}}
[2026-03-01T18:41:21.840Z] {"timestamp":1772390481771,"kind":"scroll","url":"http://localhost:3000/sobre-lockall","viewport":{"width":1912,"height":956},"payload":{"scrollX":0,"scrollY":50,"documentHeight":2616,"viewportHeight":956}}
[2026-03-01T18:41:23.832Z] {"timestamp":1772390482402,"kind":"focusin","url":"http://localhost:3000/sobre-lockall","viewport":{"width":1912,"height":956},"payload":{"target":{"tag":"a","id":null,"name":null,"type":null,"role":null,"ariaLabel":null,"testId":null,"dataLoc":null,"href":"/recursos","text":"Recursos","selectorHint":"a"}}}
[2026-03-01T18:41:23.832Z] {"timestamp":1772390482491,"kind":"click","url":"http://localhost:3000/sobre-lockall","viewport":{"width":1912,"height":956},"payload":{"target":{"tag":"a","id":null,"name":null,"type":null,"role":null,"ariaLabel":null,"testId":null,"dataLoc":null,"href":"/recursos","text":"Recursos","selectorHint":"a"},"x":1086,"y":29}}
[2026-03-01T18:41:23.832Z] {"timestamp":1772390482492,"kind":"navigate","url":"http://localhost:3000/recursos","viewport":{"width":1912,"height":956},"payload":{"reason":"pushState"}}
[2026-03-01T18:41:23.832Z] {"timestamp":1772390482496,"kind":"focusout","url":"http://localhost:3000/recursos","viewport":{"width":1912,"height":956},"payload":{"target":{"tag":"a","id":null,"name":null,"type":null,"role":null,"ariaLabel":null,"testId":null,"dataLoc":null,"href":"/recursos","text":"Recursos","selectorHint":"a"},"value":null}}
[2026-03-01T18:41:23.832Z] {"timestamp":1772390482532,"kind":"scroll","url":"http://localhost:3000/recursos","viewport":{"width":1912,"height":956},"payload":{"scrollX":0,"scrollY":97,"documentHeight":2045,"viewportHeight":956}}
[2026-03-01T18:41:23.832Z] {"timestamp":1772390483140,"kind":"scroll","url":"http://localhost:3000/recursos","viewport":{"width":1912,"height":956},"payload":{"scrollX":0,"scrollY":1,"documentHeight":2045,"viewportHeight":956}}
[2026-03-01T18:41:27.830Z] {"timestamp":1772390487068,"kind":"focusin","url":"http://localhost:3000/recursos","viewport":{"width":1912,"height":956},"payload":{"target":{"tag":"button","id":null,"name":null,"type":null,"role":null,"ariaLabel":null,"testId":null,"dataLoc":null,"href":null,"text":"Descargar","selectorHint":"button"}}}
[2026-03-01T18:41:27.830Z] {"timestamp":1772390487148,"kind":"click","url":"http://localhost:3000/recursos","viewport":{"width":1912,"height":956},"payload":{"target":{"tag":"button","id":null,"name":null,"type":null,"role":null,"ariaLabel":null,"testId":null,"dataLoc":null,"href":null,"text":"Descargar","selectorHint":"button"},"x":861,"y":376}}
[2026-03-01T18:41:31.832Z] {"timestamp":1772390490347,"kind":"focusout","url":"http://localhost:3000/recursos","viewport":{"width":1912,"height":956},"payload":{"target":{"tag":"button","id":null,"name":null,"type":null,"role":null,"ariaLabel":null,"testId":null,"dataLoc":null,"href":null,"text":"Descargar","selectorHint":"button"},"value":null}}
[2026-03-01T18:41:31.832Z] {"timestamp":1772390490347,"kind":"focusin","url":"http://localhost:3000/recursos","viewport":{"width":1912,"height":956},"payload":{"target":{"tag":"li","id":null,"name":null,"type":null,"role":null,"ariaLabel":null,"testId":null,"dataLoc":null,"href":null,"text":"Solicitud recibida Para acceder a \"LOCKALL: Soluciones de Mitigación de Riesgo\",…","selectorHint":"li"}}}
[2026-03-01T18:41:31.832Z] {"timestamp":1772390490962,"kind":"click","url":"http://localhost:3000/recursos","viewport":{"width":1912,"height":956},"payload":{"target":{"tag":"div","id":null,"name":null,"type":null,"role":null,"ariaLabel":null,"testId":null,"dataLoc":null,"href":null,"text":"Para acceder a \"LOCKALL: Soluciones de Mitigación de Riesgo\", por favor complete…","selectorHint":"div"},"x":1670,"y":874}}
[2026-03-01T18:41:31.832Z] {"timestamp":1772390491163,"kind":"focusout","url":"http://localhost:3000/recursos","viewport":{"width":1912,"height":956},"payload":{"target":{"tag":"li","id":null,"name":null,"type":null,"role":null,"ariaLabel":null,"testId":null,"dataLoc":null,"href":null,"text":"Solicitud recibida Para acceder a \"LOCKALL: Soluciones de Mitigación de Riesgo\",…","selectorHint":"li"},"value":null}}
[2026-03-01T18:41:31.832Z] {"timestamp":1772390491163,"kind":"focusin","url":"http://localhost:3000/recursos","viewport":{"width":1912,"height":956},"payload":{"target":{"tag":"button","id":null,"name":null,"type":null,"role":null,"ariaLabel":null,"testId":null,"dataLoc":null,"href":null,"text":"Descargar","selectorHint":"button"}}}
[2026-03-01T18:41:33.835Z] {"timestamp":1772390492152,"kind":"focusout","url":"http://localhost:3000/recursos","viewport":{"width":1912,"height":956},"payload":{"target":{"tag":"button","id":null,"name":null,"type":null,"role":null,"ariaLabel":null,"testId":null,"dataLoc":null,"href":null,"text":"Descargar","selectorHint":"button"},"value":null}}
[2026-03-01T18:41:33.835Z] {"timestamp":1772390492239,"kind":"click","url":"http://localhost:3000/recursos","viewport":{"width":1912,"height":956},"payload":{"target":{"tag":"div","id":null,"name":null,"type":null,"role":null,"ariaLabel":null,"testId":null,"dataLoc":null,"href":null,"text":"PDF 12 páginas Descargar","selectorHint":"div"},"x":853,"y":358}}
[2026-03-01T18:41:33.835Z] {"timestamp":1772390492734,"kind":"focusin","url":"http://localhost:3000/recursos","viewport":{"width":1912,"height":956},"payload":{"target":{"tag":"button","id":null,"name":null,"type":null,"role":null,"ariaLabel":null,"testId":null,"dataLoc":null,"href":null,"text":"Descargar","selectorHint":"button"}}}
[2026-03-01T18:41:33.835Z] {"timestamp":1772390492795,"kind":"click","url":"http://localhost:3000/recursos","viewport":{"width":1912,"height":956},"payload":{"target":{"tag":"button","id":null,"name":null,"type":null,"role":null,"ariaLabel":null,"testId":null,"dataLoc":null,"href":null,"text":"Descargar","selectorHint":"button"},"x":860,"y":375}}
[2026-03-01T18:41:35.835Z] {"timestamp":1772390495123,"kind":"focusout","url":"http://localhost:3000/recursos","viewport":{"width":1912,"height":956},"payload":{"target":{"tag":"button","id":null,"name":null,"type":null,"role":null,"ariaLabel":null,"testId":null,"dataLoc":null,"href":null,"text":"Descargar","selectorHint":"button"},"value":null}}
[2026-03-01T18:41:35.835Z] {"timestamp":1772390495123,"kind":"focusin","url":"http://localhost:3000/recursos","viewport":{"width":1912,"height":956},"payload":{"target":{"tag":"li","id":null,"name":null,"type":null,"role":null,"ariaLabel":null,"testId":null,"dataLoc":null,"href":null,"text":"Solicitud recibida Para acceder a \"LOCKALL: Soluciones de Mitigación de Riesgo\",…","selectorHint":"li"}}}
[2026-03-01T18:41:37.841Z] {"timestamp":1772390496091,"kind":"click","url":"http://localhost:3000/recursos","viewport":{"width":1912,"height":956},"payload":{"target":{"tag":"div","id":null,"name":null,"type":null,"role":null,"ariaLabel":null,"testId":null,"dataLoc":null,"href":null,"text":"Para acceder a \"LOCKALL: Soluciones de Mitigación de Riesgo\", por favor complete…","selectorHint":"div"},"x":1724,"y":897}}
[2026-03-01T18:41:37.841Z] {"timestamp":1772390497244,"kind":"focusout","url":"http://localhost:3000/recursos","viewport":{"width":1912,"height":956},"payload":{"target":{"tag":"li","id":null,"name":null,"type":null,"role":null,"ariaLabel":null,"testId":null,"dataLoc":null,"href":null,"text":"Solicitud recibida Para acceder a \"LOCKALL: Soluciones de Mitigación de Riesgo\",…","selectorHint":"li"},"value":null}}
[2026-03-01T18:41:37.841Z] {"timestamp":1772390497244,"kind":"focusin","url":"http://localhost:3000/recursos","viewport":{"width":1912,"height":956},"payload":{"target":{"tag":"button","id":null,"name":null,"type":null,"role":null,"ariaLabel":null,"testId":null,"dataLoc":null,"href":null,"text":"Descargar","selectorHint":"button"}}}
[2026-03-01T18:41:37.841Z] {"timestamp":1772390497339,"kind":"click","url":"http://localhost:3000/recursos","viewport":{"width":1912,"height":956},"payload":{"target":{"tag":"div","id":null,"name":null,"type":null,"role":null,"ariaLabel":null,"testId":null,"dataLoc":null,"href":null,"text":"RESUMEN EJECUTIVO LOCKALL: Soluciones de Mitigación de Riesgo Documento de alto …","selectorHint":"div"},"x":1590,"y":511}}
[2026-03-01T18:41:39.837Z] {"timestamp":1772390497894,"kind":"scroll","url":"http://localhost:3000/recursos","viewport":{"width":1912,"height":956},"payload":{"scrollX":0,"scrollY":399,"documentHeight":2045,"viewportHeight":956}}
[2026-03-01T18:41:39.837Z] {"timestamp":1772390499140,"kind":"scroll","url":"http://localhost:3000/recursos","viewport":{"width":1912,"height":956},"payload":{"scrollX":0,"scrollY":3,"documentHeight":2045,"viewportHeight":956}}
[2026-03-01T18:41:39.837Z] {"timestamp":1772390499646,"kind":"scroll","url":"http://localhost:3000/recursos","viewport":{"width":1912,"height":956},"payload":{"scrollX":0,"scrollY":1,"documentHeight":2045,"viewportHeight":956}}
[2026-03-01T18:41:46.089Z] {"timestamp":1772390504627,"kind":"focusout","url":"http://localhost:3000/recursos","viewport":{"width":1912,"height":956},"payload":{"target":{"tag":"button","id":null,"name":null,"type":null,"role":null,"ariaLabel":null,"testId":null,"dataLoc":null,"href":null,"text":"Descargar","selectorHint":"button"},"value":null}}
[2026-03-01T18:41:46.090Z] {"timestamp":1772390504627,"kind":"focusin","url":"http://localhost:3000/recursos","viewport":{"width":1912,"height":956},"payload":{"target":{"tag":"a","id":null,"name":null,"type":null,"role":null,"ariaLabel":null,"testId":null,"dataLoc":null,"href":"/contacto","text":"Contacto","selectorHint":"a"}}}
[2026-03-01T18:41:46.090Z] {"timestamp":1772390504703,"kind":"click","url":"http://localhost:3000/recursos","viewport":{"width":1912,"height":956},"payload":{"target":{"tag":"a","id":null,"name":null,"type":null,"role":null,"ariaLabel":null,"testId":null,"dataLoc":null,"href":"/contacto","text":"Contacto","selectorHint":"a"},"x":1176,"y":30}}
[2026-03-01T18:41:46.090Z] {"timestamp":1772390504703,"kind":"navigate","url":"http://localhost:3000/contacto","viewport":{"width":1912,"height":956},"payload":{"reason":"pushState"}}
[2026-03-01T18:41:46.090Z] {"timestamp":1772390504710,"kind":"focusout","url":"http://localhost:3000/contacto","viewport":{"width":1912,"height":956},"payload":{"target":{"tag":"a","id":null,"name":null,"type":null,"role":null,"ariaLabel":null,"testId":null,"dataLoc":null,"href":"/contacto","text":"Contacto","selectorHint":"a"},"value":null}}
[2026-03-01T18:41:53.829Z] {"timestamp":1772390512272,"kind":"focusin","url":"http://localhost:3000/contacto","viewport":{"width":1912,"height":956},"payload":{"target":{"tag":"a","id":null,"name":null,"type":null,"role":null,"ariaLabel":null,"testId":null,"dataLoc":null,"href":"/","text":"","selectorHint":"a"}}}
[2026-03-01T18:41:53.829Z] {"timestamp":1772390512311,"kind":"click","url":"http://localhost:3000/contacto","viewport":{"width":1912,"height":956},"payload":{"target":{"tag":"img","id":null,"name":null,"type":null,"role":null,"ariaLabel":null,"testId":null,"dataLoc":null,"href":null,"text":"","selectorHint":"img"},"x":315,"y":44}}
[2026-03-01T18:41:53.829Z] {"timestamp":1772390512311,"kind":"navigate","url":"http://localhost:3000/","viewport":{"width":1912,"height":956},"payload":{"reason":"pushState"}}
[2026-03-01T18:41:53.829Z] {"timestamp":1772390512322,"kind":"focusout","url":"http://localhost:3000/","viewport":{"width":1912,"height":956},"payload":{"target":{"tag":"a","id":null,"name":null,"type":null,"role":null,"ariaLabel":null,"testId":null,"dataLoc":null,"href":"/","text":"","selectorHint":"a"},"value":null}}
[2026-03-01T18:41:57.829Z] {"timestamp":1772390516333,"kind":"click","url":"http://localhost:3000/","viewport":{"width":400,"height":869},"payload":{"target":{"tag":"h1","id":null,"name":null,"type":null,"role":null,"ariaLabel":null,"testId":null,"dataLoc":null,"href":null,"text":"Soluciones Avanzadas de Mitigación de Riesgo en Financiamiento de Dispositivos","selectorHint":"h1"},"x":370,"y":395}}
